Microchip MPLAB XC8 Compiler V1.34 ()

Linker command line:

--edf=/Applications/microchip/xc8/v1.34/dat/en_msgs.txt -cs \
  -h+dist/default/production/BT_LED_strip.X.production.sym \
  --cmf=dist/default/production/BT_LED_strip.X.production.cmf -z -Q16F1619 \
  -o/tmp/cgtwWLsOq -Mdist/default/production/BT_LED_strip.X.production.map \
  -E1 -ver=XC8 -ASTACK=0203Fh-023dfh -pstack=STACK -ACODE=00h-07FFhx4 \
  -ASTRCODE=00h-01FFFh -ASTRING=00h-0FFhx32 -ACONST=00h-0FFhx32 \
  -AENTRY=00h-0FFhx32 -ACOMMON=070h-07Fh -ABANK0=020h-06Fh \
  -ABANK1=0A0h-0EFh -ABANK2=0120h-016Fh -ABANK3=01A0h-01EFh \
  -ABANK4=0220h-026Fh -ABANK5=02A0h-02EFh -ABANK6=0320h-036Fh \
  -ABANK7=03A0h-03EFh -ABANK8=0420h-046Fh -ABANK9=04A0h-04EFh \
  -ABANK10=0520h-056Fh -ABANK11=05A0h-05EFh -ABANK12=0620h-063Fh \
  -ABIGRAM=02000h-023DFh \
  -ARAM=020h-06Fh,0A0h-0EFh,0120h-016Fh,01A0h-01EFh,0220h-026Fh,02A0h-02EFh,0320h-036Fh,03A0h-03EFh,0420h-046Fh,04A0h-04EFh,0520h-056Fh,05A0h-05EFh,0620h-063Fh \
  -AABS1=020h-07Fh,0A0h-0EFh,0120h-016Fh,01A0h-01EFh,0220h-026Fh,02A0h-02EFh,0320h-036Fh,03A0h-03EFh,0420h-046Fh,04A0h-04EFh,0520h-056Fh,05A0h-05EFh,0620h-063Fh \
  -ASFR0=00h-01Fh -ASFR1=080h-09Fh -ASFR2=0100h-011Fh -ASFR3=0180h-019Fh \
  -ASFR4=0200h-021Fh -ASFR5=0280h-029Fh -ASFR6=0300h-031Fh \
  -ASFR7=0380h-039Fh -ASFR8=0400h-041Fh -ASFR9=0480h-049Fh \
  -ASFR10=0500h-051Fh -ASFR11=0580h-059Fh -ASFR12=0600h-061Fh \
  -ASFR13=0680h-06EFh -ASFR14=0700h-076Fh -ASFR15=0780h-07EFh \
  -ASFR16=0800h-086Fh -ASFR17=0880h-08EFh -ASFR18=0900h-096Fh \
  -ASFR19=0980h-09EFh -ASFR20=0A00h-0A6Fh -ASFR21=0A80h-0AEFh \
  -ASFR22=0B00h-0B6Fh -ASFR23=0B80h-0BEFh -ASFR24=0C00h-0C6Fh \
  -ASFR25=0C80h-0CEFh -ASFR26=0D00h-0D6Fh -ASFR27=0D80h-0DEFh \
  -ASFR28=0E00h-0E6Fh -ASFR29=0E80h-0EEFh -ASFR30=0F00h-0F6Fh \
  -ASFR31=0F80h-0FEFh -preset_vec=00h,intentry=04h,init,end_init \
  -ppowerup=CODE -pcinit=CODE -pfunctab=CODE -ACONFIG=08007h-08009h \
  -pconfig=CONFIG -DCONFIG=2 -AIDLOC=08000h-08003h -pidloc=IDLOC -DIDLOC=2 \
  -DCODE=2 -DSTRCODE=2 -DSTRING=2 -DCONST=2 -DENTRY=2 -k /tmp/cgt5eVSE6.obj \
  dist/default/production/BT_LED_strip.X.production.obj 

Object code version is 3.11

Machine type is 16F1619



                Name                               Link     Load   Length Selector   Space Scale
/tmp/cgt5eVSE6.obj
                end_init                             1E       1E        2        8       0
                reset_vec                             0        0        2        0       0
                config                             8007     8007        3    1000E       0
dist/default/production/BT_LED_strip.X.production.obj
                cinit                                20       20      1AD        8       0
                intentry                              4        4       1A        8       0
                text34                              7A2      7A2       15      ED0       0
                text33                              78C      78C       16      ED0       0
                text32                              768      768       24      ED0       0
                swtext2                             51A      51A        A      A20       0
                text13                              1CD      1CD      343        8       0
                swtext1                             510      510        A      A20       0
                cstackBANK0                          59       59        6       20       1
                cstackCOMMON                         70       70        E       70       1
                clrtext                             7B7      7B7        6      ED0       0
                bssBANK0                             20       20       39       20       1
                stringtext                          600      600      168        C       0

TOTAL           Name                               Link     Load   Length     Space
        CLASS   STACK          

        CLASS   CODE           
                end_init                             1E       1E        2         0
                cinit                                20       20      1AD         0
                intentry                              4        4       1A         0
                reset_vec                             0        0        2         0
                text34                              7A2      7A2       15         0
                text33                              78C      78C       16         0
                text32                              768      768       24         0
                text13                              1CD      1CD      343         0
                clrtext                             7B7      7B7        6         0

        CLASS   STRCODE        
                stringtext                          600      600      168         0

        CLASS   STRING         

        CLASS   CONST          
                swtext2                             51A      51A        A         0
                swtext1                             510      510        A         0

        CLASS   ENTRY          

        CLASS   COMMON         
                cstackCOMMON                         70       70        E         1

        CLASS   BANK0          
                cstackBANK0                          59       59        6         1
                bssBANK0                             20       20       39         1

        CLASS   BANK1          

        CLASS   BANK2          

        CLASS   BANK3          

        CLASS   BANK4          

        CLASS   BANK5          

        CLASS   BANK6          

        CLASS   BANK7          

        CLASS   BANK8          

        CLASS   BANK9          

        CLASS   BANK10         

        CLASS   BANK11         

        CLASS   BANK12         

        CLASS   BIGRAM         

        CLASS   RAM            

        CLASS   ABS1           
                abs_s1                               7E       7E        2         1

        CLASS   SFR0           

        CLASS   SFR1           

        CLASS   SFR2           

        CLASS   SFR3           

        CLASS   SFR4           

        CLASS   SFR5           

        CLASS   SFR6           

        CLASS   SFR7           

        CLASS   SFR8           

        CLASS   SFR9           

        CLASS   SFR10          

        CLASS   SFR11          

        CLASS   SFR12          

        CLASS   SFR13          

        CLASS   SFR14          

        CLASS   SFR15          

        CLASS   SFR16          

        CLASS   SFR17          

        CLASS   SFR18          

        CLASS   SFR19          

        CLASS   SFR20          

        CLASS   SFR21          

        CLASS   SFR22          

        CLASS   SFR23          

        CLASS   SFR24          

        CLASS   SFR25          

        CLASS   SFR26          

        CLASS   SFR27          

        CLASS   SFR28          

        CLASS   SFR29          

        CLASS   SFR30          

        CLASS   SFR31          

        CLASS   CONFIG         
                config                             8007     8007        3         0

        CLASS   IDLOC          

        CLASS   BANK31         

        CLASS   BANK30         

        CLASS   BANK29         

        CLASS   BANK28         

        CLASS   BANK27         

        CLASS   BANK26         

        CLASS   BANK25         

        CLASS   BANK24         

        CLASS   BANK23         

        CLASS   BANK22         

        CLASS   BANK21         

        CLASS   BANK20         

        CLASS   BANK19         

        CLASS   BANK18         

        CLASS   BANK17         

        CLASS   BANK16         

        CLASS   BANK15         

        CLASS   BANK14         

        CLASS   BANK13         

        CLASS   EEDATA         



SEGMENTS        Name                           Load    Length   Top    Selector   Space  Class     Delta

                reset_vec                      000000  000002  000002         0       0  CODE        2
                intentry                       000004  00050C  000510         8       0  CODE        2
                bssBANK0                       000020  00003F  00005F        20       1  BANK0       1
                cstackCOMMON                   000070  00000E  00007E        70       1  COMMON      1
                swtext1                        000510  000014  000524       A20       0  CONST       2
                stringtext                     000600  000168  000768         C       0  STRCODE     2
                text32                         000768  000055  0007BD       ED0       0  CODE        2
                config                         008007  000003  00800A     1000E       0  CONFIG      2


UNUSED ADDRESS RANGES

        Name                Unused          Largest block    Delta
        BANK0            0005F-0006F              11           1
        BANK1            000A0-000EF              50           1
        BANK10           00520-0056F              50           1
        BANK11           005A0-005EF              50           1
        BANK12           00620-0063F              20           1
        BANK2            00120-0016F              50           1
        BANK3            001A0-001EF              50           1
        BANK4            00220-0026F              50           1
        BANK5            002A0-002EF              50           1
        BANK6            00320-0036F              50           1
        BANK7            003A0-003EF              50           1
        BANK8            00420-0046F              50           1
        BANK9            004A0-004EF              50           1
        BIGRAM           02000-023DF             3E0           1
        CODE             00002-00003               2           2
                         00524-005FF              DC
                         007BD-01FFF             800
        CONST            00002-00003               2           2
                         00524-005FF              DC
                         007BD-01FFF             100
        ENTRY            00002-00003               2           2
                         00524-005FF              DC
                         007BD-01FFF             100
        IDLOC            08000-08003               4           2
        RAM              0005F-0006F              11           1
                         000A0-000EF              50
                         00120-0016F              50
                         001A0-001EF              50
                         00220-0026F              50
                         002A0-002EF              50
                         00320-0036F              50
                         003A0-003EF              50
                         00420-0046F              50
                         004A0-004EF              50
                         00520-0056F              50
                         005A0-005EF              50
                         00620-0063F              20
        SFR0             00000-0001F              20           1
        SFR1             00080-0009F              20           1
        SFR10            00500-0051F              20           1
        SFR11            00580-0059F              20           1
        SFR12            00600-0061F              20           1
        SFR13            00680-006EF              70           1
        SFR14            00700-0076F              70           1
        SFR15            00780-007EF              70           1
        SFR16            00800-0086F              70           1
        SFR17            00880-008EF              70           1
        SFR18            00900-0096F              70           1
        SFR19            00980-009EF              70           1
        SFR2             00100-0011F              20           1
        SFR20            00A00-00A6F              70           1
        SFR21            00A80-00AEF              70           1
        SFR22            00B00-00B6F              70           1
        SFR23            00B80-00BEF              70           1
        SFR24            00C00-00C6F              70           1
        SFR25            00C80-00CEF              70           1
        SFR26            00D00-00D6F              70           1
        SFR27            00D80-00DEF              70           1
        SFR28            00E00-00E6F              70           1
        SFR29            00E80-00EEF              70           1
        SFR3             00180-0019F              20           1
        SFR30            00F00-00F6F              70           1
        SFR31            00F80-00FEF              70           1
        SFR4             00200-0021F              20           1
        SFR5             00280-0029F              20           1
        SFR6             00300-0031F              20           1
        SFR7             00380-0039F              20           1
        SFR8             00400-0041F              20           1
        SFR9             00480-0049F              20           1
        STACK            0203F-023DF             3A1           1
        STRCODE          00002-00003               2           2
                         00524-005FF              DC
                         007BD-01FFF            1843
        STRING           00002-00003               2           2
                         00524-005FF              DC
                         007BD-01FFF             100

                                  Symbol Table

?___wmul                                     cstackCOMMON 00070
?_printf                                     cstackCOMMON 00072
?_strcmp                                     cstackCOMMON 00070
?_strlen                                     cstackCOMMON 00070
?_strncmp                                    cstackCOMMON 00076
COMM_Task@UART_ReceiveState                  bssBANK0     0003E
COMM_Task@i                                  cstackBANK0  0005A
COMM_Task@receiveCounter                     bssBANK0     0003F
COMM_Task@receiveData                        cstackBANK0  0005B
EUSART_Read@readValue                        cstackCOMMON 00070
EUSART_Write@txData                          cstackCOMMON 00070
LED_Task@i                                   cstackCOMMON 00075
LED_Task@i_858                               cstackCOMMON 00077
LED_Task@ledOFF                              bssBANK0     00040
LED_Test@i                                   cstackCOMMON 00075
LED_Test@j                                   cstackCOMMON 00076
PIN_MANAGER_Initialize@state                 cstackCOMMON 00070
SPI_Exchange8bit@data                        cstackCOMMON 00070
_ADC1_Initialize                             cinit        00123
_ADCON0                                      (abs)        0009D
_ADCON1                                      (abs)        0009E
_ADCON2                                      (abs)        0009F
_ADRESH                                      (abs)        0009C
_ADRESL                                      (abs)        0009B
_ANSELA                                      (abs)        0018C
_ANSELB                                      (abs)        0018D
_ANSELC                                      (abs)        0018E
_BAUD1CON                                    (abs)        0019F
_CCPTMRSbits                                 (abs)        0029E
_CLC4CON                                     (abs)        00F2E
_CLC4GLS0                                    (abs)        00F34
_CLC4GLS1                                    (abs)        00F35
_CLC4GLS2                                    (abs)        00F36
_CLC4GLS3                                    (abs)        00F37
_CLC4POL                                     (abs)        00F2F
_CLC4SEL0                                    (abs)        00F30
_CLC4SEL1                                    (abs)        00F31
_CLC4SEL2                                    (abs)        00F32
_CLC4SEL3                                    (abs)        00F33
_CLC4_Initialize                             cinit        001AB
_CMD_GET_STATE                               stringtext   00650
_CMD_SET_DIRECT                              stringtext   00632
_CMD_SET_OFF                                 stringtext   0066C
_CMD_SET_PARTY                               stringtext   00641
_CMD_SET_STARRY                              stringtext   00622
_CMD_SET_XMAS                                stringtext   0065E
_CMD_TEST_LED                                stringtext   00685
_CMD_TEST_SRAM                               stringtext   00679
_COMM_Task                                   text13       001CD
_EUSART_Initialize                           cinit        0012C
_EUSART_Read                                 text13       004A7
_EUSART_Receive_ISR                          text34       007A2
_EUSART_Transmit_ISR                         text33       0078C
_EUSART_Write                                text13       004F3
_GIE                                         (abs)        0005F
_INTCONbits                                  (abs)        0000B
_INTERRUPT_InterruptManager                  intentry     00004
_IOCBF6                                      (abs)        01CB6
_IOCBF7                                      (abs)        01CB7
_IOCBP6                                      (abs)        01CA6
_IOCBP7                                      (abs)        01CA7
_IOCCF3                                      (abs)        01CCB
_IOCCF4                                      (abs)        01CCC
_IOCCF5                                      (abs)        01CCD
_IOCCF6                                      (abs)        01CCE
_IOCCF7                                      (abs)        01CCF
_IOCCP3                                      (abs)        01CBB
_IOCCP4                                      (abs)        01CBC
_IOCCP5                                      (abs)        01CBD
_IOCCP6                                      (abs)        01CBE
_IOCCP7                                      (abs)        01CBF
_LATA                                        (abs)        0010C
_LATB                                        (abs)        0010D
_LATC                                        (abs)        0010E
_LED_SetColor                                bssBANK0     00038
_LED_Task                                    cinit        00095
_LED_Test                                    cinit        00041
_LED_currentColor                            bssBANK0     0003B
_LED_mode                                    bssBANK0     00041
_OPTION_REGbits                              (abs)        00095
_OSCCON                                      (abs)        00099
_OSCILLATOR_Initialize                       cinit        00144
_OSCSTAT                                     (abs)        0009A
_OSCTUNE                                     (abs)        00098
_PIE1bits                                    (abs)        00090
_PIN_MANAGER_IOC                             text32       00768
_PIN_MANAGER_Initialize                      cinit        0014C
_PIR1bits                                    (abs)        00010
_PLLR                                        (abs)        004D6
_PPSLOCK                                     (abs)        00E0F
_PPSLOCKbits                                 (abs)        00E0F
_PWM3CON                                     (abs)        00619
_PWM3DCH                                     (abs)        00618
_PWM3DCL                                     (abs)        00617
_PWM3_Initialize                             cinit        001C0
_RA5PPS                                      (abs)        00E95
_RB4PPS                                      (abs)        00E9C
_RC0PPS                                      (abs)        00EA0
_RC1PPS                                      (abs)        00EA1
_RC1REG                                      (abs)        00199
_RC1STA                                      (abs)        0019D
_RC1STAbits                                  (abs)        0019D
_RXPPS                                       (abs)        00E24
_SPBRGH                                      (abs)        0019C
_SPBRGL                                      (abs)        0019B
_SPI_Exchange8bit                            cinit        0010B
_SPI_Initialize                              cinit        0019A
_SSP1ADD                                     (abs)        00212
_SSP1CON1                                    (abs)        00215
_SSP1CON1bits                                (abs)        00215
_SSP1STAT                                    (abs)        00214
_SSP1STATbits                                (abs)        00214
_SSPBUF                                      (abs)        00211
_SSPCLKPPS                                   (abs)        00E20
_SSPDATPPS                                   (abs)        00E21
_SYSTEM_Initialize                           cinit        00114
_T2CLKCON                                    (abs)        0001E
_T2CON                                       (abs)        0001C
_T2CONbits                                   (abs)        0001C
_T2HLT                                       (abs)        0001D
_T2PR                                        (abs)        0001B
_T2RST                                       (abs)        0001F
_T2TMR                                       (abs)        0001A
_TMR2_Initialize                             cinit        001A0
_TMR2_Start                                  cinit        001CB
_TRISA                                       (abs)        0008C
_TRISB                                       (abs)        0008D
_TRISC                                       (abs)        0008E
_TX1REG                                      (abs)        0019A
_TX1STA                                      (abs)        0019E
_WPUB                                        (abs)        0020D
_WPUC                                        (abs)        0020E
__CFG_BOREN$ON                               (abs)        00000
__CFG_BORV$LO                                (abs)        00000
__CFG_CLKOUTEN$OFF                           (abs)        00000
__CFG_CP$OFF                                 (abs)        00000
__CFG_FCMEN$ON                               (abs)        00000
__CFG_FOSC$INTOSC                            (abs)        00000
__CFG_IESO$ON                                (abs)        00000
__CFG_LPBOR$OFF                              (abs)        00000
__CFG_LVP$ON                                 (abs)        00000
__CFG_MCLRE$ON                               (abs)        00000
__CFG_PLLEN$ON                               (abs)        00000
__CFG_PPS1WAY$ON                             (abs)        00000
__CFG_PWRTE$OFF                              (abs)        00000
__CFG_STVREN$ON                              (abs)        00000
__CFG_WDTCCS$SWC                             (abs)        00000
__CFG_WDTCPS$WDTCPS1F                        (abs)        00000
__CFG_WDTCWS$WDTCWSSW                        (abs)        00000
__CFG_WDTE$OFF                               (abs)        00000
__CFG_WRT$OFF                                (abs)        00000
__CFG_ZCD$OFF                                (abs)        00000
__Habs1                                      abs1         00000
__Hbank0                                     bank0        00000
__Hbank1                                     bank1        00000
__Hbank10                                    bank10       00000
__Hbank11                                    bank11       00000
__Hbank12                                    bank12       00000
__Hbank13                                    bank13       00000
__Hbank14                                    bank14       00000
__Hbank15                                    bank15       00000
__Hbank16                                    bank16       00000
__Hbank17                                    bank17       00000
__Hbank18                                    bank18       00000
__Hbank19                                    bank19       00000
__Hbank2                                     bank2        00000
__Hbank20                                    bank20       00000
__Hbank21                                    bank21       00000
__Hbank22                                    bank22       00000
__Hbank23                                    bank23       00000
__Hbank24                                    bank24       00000
__Hbank25                                    bank25       00000
__Hbank26                                    bank26       00000
__Hbank27                                    bank27       00000
__Hbank28                                    bank28       00000
__Hbank29                                    bank29       00000
__Hbank3                                     bank3        00000
__Hbank30                                    bank30       00000
__Hbank31                                    bank31       00000
__Hbank4                                     bank4        00000
__Hbank5                                     bank5        00000
__Hbank6                                     bank6        00000
__Hbank7                                     bank7        00000
__Hbank8                                     bank8        00000
__Hbank9                                     bank9        00000
__Hbigram                                    bigram       00000
__HbssBANK0                                  bssBANK0     00000
__Hcinit                                     cinit        001CD
__Hclrtext                                   clrtext      00000
__Hcode                                      code         00000
__Hcommon                                    common       00000
__Hconfig                                    config       0800A
__HcstackBANK0                               cstackBANK0  00000
__HcstackCOMMON                              cstackCOMMON 00000
__Heeprom_data                               eeprom_data  00000
__Hend_init                                  end_init     00020
__Hfunctab                                   functab      00000
__Hidloc                                     idloc        00000
__Hinit                                      init         0001E
__Hintentry                                  intentry     0001E
__Hmaintext                                  maintext     00000
__Hpa_nodes                                  pa_nodes     00000
__Hpowerup                                   powerup      00000
__Hram                                       ram          00000
__Hreset_vec                                 reset_vec    00002
__Hsfr0                                      sfr0         00000
__Hsfr1                                      sfr1         00000
__Hsfr10                                     sfr10        00000
__Hsfr11                                     sfr11        00000
__Hsfr12                                     sfr12        00000
__Hsfr13                                     sfr13        00000
__Hsfr14                                     sfr14        00000
__Hsfr15                                     sfr15        00000
__Hsfr16                                     sfr16        00000
__Hsfr17                                     sfr17        00000
__Hsfr18                                     sfr18        00000
__Hsfr19                                     sfr19        00000
__Hsfr2                                      sfr2         00000
__Hsfr20                                     sfr20        00000
__Hsfr21                                     sfr21        00000
__Hsfr22                                     sfr22        00000
__Hsfr23                                     sfr23        00000
__Hsfr24                                     sfr24        00000
__Hsfr25                                     sfr25        00000
__Hsfr26                                     sfr26        00000
__Hsfr27                                     sfr27        00000
__Hsfr28                                     sfr28        00000
__Hsfr29                                     sfr29        00000
__Hsfr3                                      sfr3         00000
__Hsfr30                                     sfr30        00000
__Hsfr31                                     sfr31        00000
__Hsfr4                                      sfr4         00000
__Hsfr5                                      sfr5         00000
__Hsfr6                                      sfr6         00000
__Hsfr7                                      sfr7         00000
__Hsfr8                                      sfr8         00000
__Hsfr9                                      sfr9         00000
__Hspace_0                                   (abs)        0800A
__Hspace_1                                   (abs)        0007E
__Hspace_2                                   (abs)        00000
__Hspace_3                                   (abs)        00000
__Hstack                                     stack        00000
__Hstrings                                   strings      00000
__Hstringtext                                stringtext   00000
__Htext                                      text         00000
__Labs1                                      abs1         00000
__Lbank0                                     bank0        00000
__Lbank1                                     bank1        00000
__Lbank10                                    bank10       00000
__Lbank11                                    bank11       00000
__Lbank12                                    bank12       00000
__Lbank13                                    bank13       00000
__Lbank14                                    bank14       00000
__Lbank15                                    bank15       00000
__Lbank16                                    bank16       00000
__Lbank17                                    bank17       00000
__Lbank18                                    bank18       00000
__Lbank19                                    bank19       00000
__Lbank2                                     bank2        00000
__Lbank20                                    bank20       00000
__Lbank21                                    bank21       00000
__Lbank22                                    bank22       00000
__Lbank23                                    bank23       00000
__Lbank24                                    bank24       00000
__Lbank25                                    bank25       00000
__Lbank26                                    bank26       00000
__Lbank27                                    bank27       00000
__Lbank28                                    bank28       00000
__Lbank29                                    bank29       00000
__Lbank3                                     bank3        00000
__Lbank30                                    bank30       00000
__Lbank31                                    bank31       00000
__Lbank4                                     bank4        00000
__Lbank5                                     bank5        00000
__Lbank6                                     bank6        00000
__Lbank7                                     bank7        00000
__Lbank8                                     bank8        00000
__Lbank9                                     bank9        00000
__Lbigram                                    bigram       00000
__LbssBANK0                                  bssBANK0     00000
__Lcinit                                     cinit        00020
__Lclrtext                                   clrtext      00000
__Lcode                                      code         00000
__Lcommon                                    common       00000
__Lconfig                                    config       08007
__LcstackBANK0                               cstackBANK0  00000
__LcstackCOMMON                              cstackCOMMON 00000
__Leeprom_data                               eeprom_data  00000
__Lend_init                                  end_init     0001E
__Lfunctab                                   functab      00000
__Lidloc                                     idloc        00000
__Linit                                      init         0001E
__Lintentry                                  intentry     00004
__Lmaintext                                  maintext     00000
__Lpa_nodes                                  pa_nodes     00000
__Lpowerup                                   powerup      00000
__Lram                                       ram          00000
__Lreset_vec                                 reset_vec    00000
__Lsfr0                                      sfr0         00000
__Lsfr1                                      sfr1         00000
__Lsfr10                                     sfr10        00000
__Lsfr11                                     sfr11        00000
__Lsfr12                                     sfr12        00000
__Lsfr13                                     sfr13        00000
__Lsfr14                                     sfr14        00000
__Lsfr15                                     sfr15        00000
__Lsfr16                                     sfr16        00000
__Lsfr17                                     sfr17        00000
__Lsfr18                                     sfr18        00000
__Lsfr19                                     sfr19        00000
__Lsfr2                                      sfr2         00000
__Lsfr20                                     sfr20        00000
__Lsfr21                                     sfr21        00000
__Lsfr22                                     sfr22        00000
__Lsfr23                                     sfr23        00000
__Lsfr24                                     sfr24        00000
__Lsfr25                                     sfr25        00000
__Lsfr26                                     sfr26        00000
__Lsfr27                                     sfr27        00000
__Lsfr28                                     sfr28        00000
__Lsfr29                                     sfr29        00000
__Lsfr3                                      sfr3         00000
__Lsfr30                                     sfr30        00000
__Lsfr31                                     sfr31        00000
__Lsfr4                                      sfr4         00000
__Lsfr5                                      sfr5         00000
__Lsfr6                                      sfr6         00000
__Lsfr7                                      sfr7         00000
__Lsfr8                                      sfr8         00000
__Lsfr9                                      sfr9         00000
__Lspace_0                                   (abs)        00000
__Lspace_1                                   (abs)        00000
__Lspace_2                                   (abs)        00000
__Lspace_3                                   (abs)        00000
__Lstack                                     stack        00000
__Lstrings                                   strings      00000
__Lstringtext                                stringtext   00000
__Ltext                                      text         00000
__S0                                         (abs)        0800A
__S1                                         (abs)        0007E
__S2                                         (abs)        00000
___int_sp                                    stack        00000
___latbits                                   (abs)        00002
___sp                                        stack        00000
___wmul                                      text13       00291
___wmul@multiplicand                         cstackCOMMON 00072
___wmul@multiplier                           cstackCOMMON 00070
___wmul@product                              cstackCOMMON 00074
__end_of_ADC1_Initialize                     cinit        0012C
__end_of_CLC4_Initialize                     cinit        001C0
__end_of_CMD_GET_STATE                       stringtext   0065E
__end_of_CMD_SET_DIRECT                      stringtext   00641
__end_of_CMD_SET_OFF                         stringtext   00679
__end_of_CMD_SET_PARTY                       stringtext   00650
__end_of_CMD_SET_STARRY                      stringtext   00632
__end_of_CMD_SET_XMAS                        stringtext   0066C
__end_of_CMD_TEST_LED                        stringtext   00690
__end_of_CMD_TEST_SRAM                       stringtext   00685
__end_of_COMM_Task                           text13       00291
__end_of_EUSART_Initialize                   cinit        00144
__end_of_EUSART_Read                         text13       004BD
__end_of_EUSART_Receive_ISR                  text34       007B7
__end_of_EUSART_Transmit_ISR                 text33       007A2
__end_of_EUSART_Write                        text13       00510
__end_of_INTERRUPT_InterruptManager          intentry     0001E
__end_of_LED_Task                            cinit        0010B
__end_of_LED_Test                            cinit        00095
__end_of_OSCILLATOR_Initialize               cinit        0014C
__end_of_PIN_MANAGER_IOC                     text32       0078C
__end_of_PIN_MANAGER_Initialize              cinit        0019A
__end_of_PWM3_Initialize                     cinit        001CB
__end_of_SPI_Exchange8bit                    cinit        00114
__end_of_SPI_Initialize                      cinit        001A0
__end_of_SYSTEM_Initialize                   cinit        00123
__end_of_TMR2_Initialize                     cinit        001AB
__end_of_TMR2_Start                          cinit        001CD
__end_of___wmul                              text13       002A6
__end_of__initialization                     cinit        00028
__end_of_command_GetnumberofCommands         text13       004E1
__end_of_commands                            stringtext   00622
__end_of_getCommandProcess                   text13       00300
__end_of_ledFullOff                          stringtext   00603
__end_of_ledFullOn                           stringtext   00606
__end_of_ledSendByte                         text18       00000
__end_of_ledSetColor                         text12       00000
__end_of_main                                cinit        00041
__end_of_memset                              text13       004F3
__end_of_oneByte_HexSrtingToBinary           text13       00456
__end_of_printf                              text13       003EA
__end_of_putch                               text13       0046E
__end_of_setCommandProcess                   text13       0039C
__end_of_strcmp                              text13       003D8
__end_of_strlen                              text13       0046C
__end_of_strncmp                             text13       004A7
__end_of_testCommandProcess                  text13       002C5
__initialization                             cinit        00020
__pbssBANK0                                  bssBANK0     00020
__pcstackBANK0                               cstackBANK0  00059
__pcstackCOMMON                              cstackCOMMON 00070
__pintentry                                  intentry     00004
__pmaintext                                  cinit        0002A
__pstringtext                                stringtext   00600
__pswtext1                                   swtext1      00510
__pswtext2                                   swtext2      0051A
__ptext1                                     cinit        00114
__ptext10                                    cinit        00123
__ptext11                                    cinit        00095
__ptext12                                    text12       00000
__ptext13                                    text13       001CD
__ptext14                                    text13       002C5
__ptext15                                    text13       00300
__ptext16                                    text13       002A6
__ptext17                                    cinit        00041
__ptext18                                    text18       00000
__ptext19                                    cinit        0010B
__ptext2                                     cinit        001A0
__ptext20                                    text13       0046E
__ptext21                                    text13       00456
__ptext22                                    text13       003EA
__ptext23                                    text13       004E1
__ptext24                                    text13       0039C
__ptext25                                    text13       003D8
__ptext26                                    text13       0046C
__ptext27                                    text13       004F3
__ptext28                                    text13       004BD
__ptext29                                    text13       00291
__ptext3                                     cinit        001CB
__ptext30                                    text13       004A7
__ptext32                                    text32       00768
__ptext33                                    text33       0078C
__ptext34                                    text34       007A2
__ptext4                                     cinit        0019A
__ptext5                                     cinit        001C0
__ptext6                                     cinit        0014C
__ptext7                                     cinit        00144
__ptext8                                     cinit        0012C
__ptext9                                     cinit        001AB
__size_of_ADC1_Initialize                    (abs)        00000
__size_of_CLC4_Initialize                    (abs)        00000
__size_of_COMM_Task                          (abs)        00000
__size_of_EUSART_Initialize                  (abs)        00000
__size_of_EUSART_Read                        (abs)        00000
__size_of_EUSART_Receive_ISR                 (abs)        00000
__size_of_EUSART_Transmit_ISR                (abs)        00000
__size_of_EUSART_Write                       (abs)        00000
__size_of_INTERRUPT_InterruptManager         (abs)        00000
__size_of_LED_Task                           (abs)        00000
__size_of_LED_Test                           (abs)        00000
__size_of_OSCILLATOR_Initialize              (abs)        00000
__size_of_PIN_MANAGER_IOC                    (abs)        00000
__size_of_PIN_MANAGER_Initialize             (abs)        00000
__size_of_PWM3_Initialize                    (abs)        00000
__size_of_SPI_Exchange8bit                   (abs)        00000
__size_of_SPI_Initialize                     (abs)        00000
__size_of_SYSTEM_Initialize                  (abs)        00000
__size_of_TMR2_Initialize                    (abs)        00000
__size_of_TMR2_Start                         (abs)        00000
__size_of___wmul                             (abs)        00000
__size_of_command_GetnumberofCommands        (abs)        00000
__size_of_getCommandProcess                  (abs)        00000
__size_of_ledSendByte                        (abs)        00000
__size_of_ledSetColor                        (abs)        00000
__size_of_main                               (abs)        00000
__size_of_memset                             (abs)        00000
__size_of_oneByte_HexSrtingToBinary          (abs)        00000
__size_of_printf                             (abs)        00000
__size_of_putch                              (abs)        00000
__size_of_setCommandProcess                  (abs)        00000
__size_of_strcmp                             (abs)        00000
__size_of_strlen                             (abs)        00000
__size_of_strncmp                            (abs)        00000
__size_of_testCommandProcess                 (abs)        00000
_command_GetnumberofCommands                 text13       004BD
_commands                                    stringtext   00606
_eusartRxBuffer                              bssBANK0     00020
_eusartRxCount                               bssBANK0     00042
_eusartRxHead                                bssBANK0     00043
_eusartRxTail                                bssBANK0     00044
_eusartTxBuffer                              bssBANK0     00030
_eusartTxBufferRemaining                     bssBANK0     00045
_eusartTxHead                                bssBANK0     00046
_eusartTxTail                                bssBANK0     00047
_getCommandProcess                           text13       002C5
_inlined$_ledSendByte                        (abs)        00001
_inlined$_ledSetColor                        (abs)        00001
_inputCommand                                bssBANK0     00049
_ledFullOff                                  stringtext   00600
_ledFullOn                                   stringtext   00603
_ledSendByte                                 text18       00000
_ledSetColor                                 text12       00000
_main                                        cinit        0002A
_memset                                      text13       004E1
_oneByte_HexSrtingToBinary                   text13       003EA
_printf                                      text13       003D8
_putch                                       text13       0046C
_setCommandProcess                           text13       00300
_strcmp                                      text13       0039C
_strlen                                      text13       00456
_strncmp                                     text13       0046E
_testCommandProcess                          text13       002A6
btemp                                        (abs)        0007E
clear_ram0                                   clrtext      007B7
command_GetnumberofCommands@commandArray     cstackCOMMON 00076
command_GetnumberofCommands@i                cstackCOMMON 0007B
command_GetnumberofCommands@numberofCommands bssBANK0     00048
end_of_initialization                        cinit        00028
getCommandProcess@input                      cstackCOMMON 0007D
intlevel0                                    functab      00000
intlevel1                                    functab      00000
intlevel2                                    functab      00000
intlevel3                                    functab      00000
intlevel4                                    functab      00000
intlevel5                                    functab      00000
ledSendByte@data                             cstackCOMMON 00071
ledSetColor@ledColor                         cstackCOMMON 00072
ltemp                                        (abs)        0007E
ltemp0                                       (abs)        0007E
ltemp1                                       (abs)        00082
ltemp2                                       (abs)        00086
ltemp3                                       (abs)        00080
memset@c                                     cstackCOMMON 00070
memset@n                                     cstackCOMMON 00072
memset@p                                     cstackCOMMON 00075
memset@p1                                    cstackCOMMON 00074
oneByte_HexSrtingToBinary@data               cstackCOMMON 00073
oneByte_HexSrtingToBinary@i                  cstackCOMMON 00072
printf@c                                     cstackCOMMON 00076
printf@f                                     cstackCOMMON 00072
putch@txData                                 cstackCOMMON 00071
reset_vec                                    reset_vec    00000
setCommandProcess@input                      cstackCOMMON 0007D
stackhi                                      (abs)        023DF
stacklo                                      (abs)        0203F
start                                        init         0001E
start_initialization                         cinit        00020
strcmp@s1                                    cstackCOMMON 00070
strcmp@s2                                    cstackCOMMON 00072
strcmp@t0                                    cstackCOMMON 00073
strcmp@t1                                    cstackCOMMON 00075
strcmp@t2                                    cstackCOMMON 00074
strlen@cp                                    cstackCOMMON 00073
strlen@s                                     cstackCOMMON 00070
strncmp@len                                  cstackCOMMON 0007A
strncmp@s1                                   cstackCOMMON 00076
strncmp@s2                                   cstackCOMMON 00078
testCommandProcess@input                     cstackCOMMON 0007D
ttemp                                        (abs)        0007E
ttemp0                                       (abs)        0007E
ttemp1                                       (abs)        00081
ttemp2                                       (abs)        00084
ttemp3                                       (abs)        00087
ttemp4                                       (abs)        0007F
wtemp                                        (abs)        0007E
wtemp0                                       (abs)        0007E
wtemp1                                       (abs)        00080
wtemp2                                       (abs)        00082
wtemp3                                       (abs)        00084
wtemp4                                       (abs)        00086
wtemp5                                       (abs)        00088
wtemp6                                       (abs)        0007F


FUNCTION INFORMATION:

 *************** function _main *****************
 Defined at:
		line 56 in file "../src/main.c"
 Parameters:    Size  Location     Type
		None
 Auto vars:     Size  Location     Type
		None
 Return value:  Size  Location     Type
		None               void
 Registers used:
		wreg, fsr0l, fsr0h, fsr1l, fsr1h, status,2, status,0, pclath, cstack
 Tracked objects:
		On entry : 
		On exit  : 
		Unchanged: 
 Data sizes:     COMMON   BANK0   BANK1   BANK2   BANK3   BANK4   BANK5   BANK6   BANK7   BANK8   BANK9  BANK10  BANK11  BANK12
      Params:         0       0       0       0       0       0       0       0       0       0       0       0       0       0
      Locals:         0       0       0       0       0       0       0       0       0       0       0       0       0       0
      Temps:          0       3       0       0       0       0       0       0       0       0       0       0       0       0
      Totals:         0       3       0       0       0       0       0       0       0       0       0       0       0       0
Total ram usage:        3 bytes
 Hardware stack levels required when called:    7
 This function calls:
		_COMM_Task
		_LED_Task
		_LED_Test
		_SYSTEM_Initialize
 This function is called by:
		Startup code after reset
 This function uses a non-reentrant model


 *************** function _SYSTEM_Initialize *****************
 Defined at:
		line 77 in file "mcc_generated_files/mcc.c"
 Parameters:    Size  Location     Type
		None
 Auto vars:     Size  Location     Type
		None
 Return value:  Size  Location     Type
		None               void
 Registers used:
		wreg, status,2, status,0, pclath, cstack
 Tracked objects:
		On entry : 
		On exit  : 
		Unchanged: 
 Data sizes:     COMMON   BANK0   BANK1   BANK2   BANK3   BANK4   BANK5   BANK6   BANK7   BANK8   BANK9  BANK10  BANK11  BANK12
      Params:         0       0       0       0       0       0       0       0       0       0       0       0       0       0
      Locals:         0       0       0       0       0       0       0       0       0       0       0       0       0       0
      Temps:          0       0       0       0       0       0       0       0       0       0       0       0       0       0
      Totals:         0       0       0       0       0       0       0       0       0       0       0       0       0       0
Total ram usage:        0 bytes
 Hardware stack levels used:    1
 Hardware stack levels required when called:    4
 This function calls:
		_ADC1_Initialize
		_CLC4_Initialize
		_EUSART_Initialize
		_OSCILLATOR_Initialize
		_PIN_MANAGER_Initialize
		_PWM3_Initialize
		_SPI_Initialize
		_TMR2_Initialize
 This function is called by:
		_main
 This function uses a non-reentrant model


 *************** function _TMR2_Initialize *****************
 Defined at:
		line 58 in file "mcc_generated_files/tmr2.c"
 Parameters:    Size  Location     Type
		None
 Auto vars:     Size  Location     Type
		None
 Return value:  Size  Location     Type
		None               void
 Registers used:
		wreg, status,2, status,0, pclath, cstack
 Tracked objects:
		On entry : 
		On exit  : 
		Unchanged: 
 Data sizes:     COMMON   BANK0   BANK1   BANK2   BANK3   BANK4   BANK5   BANK6   BANK7   BANK8   BANK9  BANK10  BANK11  BANK12
      Params:         0       0       0       0       0       0       0       0       0       0       0       0       0       0
      Locals:         0       0       0       0       0       0       0       0       0       0       0       0       0       0
      Temps:          0       0       0       0       0       0       0       0       0       0       0       0       0       0
      Totals:         0       0       0       0       0       0       0       0       0       0       0       0       0       0
Total ram usage:        0 bytes
 Hardware stack levels used:    1
 Hardware stack levels required when called:    3
 This function calls:
		_TMR2_Start
 This function is called by:
		_SYSTEM_Initialize
 This function uses a non-reentrant model


 *************** function _TMR2_Start *****************
 Defined at:
		line 96 in file "mcc_generated_files/tmr2.c"
 Parameters:    Size  Location     Type
		None
 Auto vars:     Size  Location     Type
		None
 Return value:  Size  Location     Type
		None               void
 Registers used:
		None
 Tracked objects:
		On entry : 
		On exit  : 
		Unchanged: 
 Data sizes:     COMMON   BANK0   BANK1   BANK2   BANK3   BANK4   BANK5   BANK6   BANK7   BANK8   BANK9  BANK10  BANK11  BANK12
      Params:         0       0       0       0       0       0       0       0       0       0       0       0       0       0
      Locals:         0       0       0       0       0       0       0       0       0       0       0       0       0       0
      Temps:          0       0       0       0       0       0       0       0       0       0       0       0       0       0
      Totals:         0       0       0       0       0       0       0       0       0       0       0       0       0       0
Total ram usage:        0 bytes
 Hardware stack levels used:    1
 Hardware stack levels required when called:    2
 This function calls:
		Nothing
 This function is called by:
		_TMR2_Initialize
 This function uses a non-reentrant model


 *************** function _SPI_Initialize *****************
 Defined at:
		line 64 in file "mcc_generated_files/spi.c"
 Parameters:    Size  Location     Type
		None
 Auto vars:     Size  Location     Type
		None
 Return value:  Size  Location     Type
		None               void
 Registers used:
		wreg, status,2
 Tracked objects:
		On entry : 
		On exit  : 
		Unchanged: 
 Data sizes:     COMMON   BANK0   BANK1   BANK2   BANK3   BANK4   BANK5   BANK6   BANK7   BANK8   BANK9  BANK10  BANK11  BANK12
      Params:         0       0       0       0       0       0       0       0       0       0       0       0       0       0
      Locals:         0       0       0       0       0       0       0       0       0       0       0       0       0       0
      Temps:          0       0       0       0       0       0       0       0       0       0       0       0       0       0
      Totals:         0       0       0       0       0       0       0       0       0       0       0       0       0       0
Total ram usage:        0 bytes
 Hardware stack levels used:    1
 Hardware stack levels required when called:    2
 This function calls:
		Nothing
 This function is called by:
		_SYSTEM_Initialize
 This function uses a non-reentrant model


 *************** function _PWM3_Initialize *****************
 Defined at:
		line 58 in file "mcc_generated_files/pwm3.c"
 Parameters:    Size  Location     Type
		None
 Auto vars:     Size  Location     Type
		None
 Return value:  Size  Location     Type
		None               void
 Registers used:
		wreg, status,2, status,0
 Tracked objects:
		On entry : 
		On exit  : 
		Unchanged: 
 Data sizes:     COMMON   BANK0   BANK1   BANK2   BANK3   BANK4   BANK5   BANK6   BANK7   BANK8   BANK9  BANK10  BANK11  BANK12
      Params:         0       0       0       0       0       0       0       0       0       0       0       0       0       0
      Locals:         0       0       0       0       0       0       0       0       0       0       0       0       0       0
      Temps:          0       0       0       0       0       0       0       0       0       0       0       0       0       0
      Totals:         0       0       0       0       0       0       0       0       0       0       0       0       0       0
Total ram usage:        0 bytes
 Hardware stack levels used:    1
 Hardware stack levels required when called:    2
 This function calls:
		Nothing
 This function is called by:
		_SYSTEM_Initialize
 This function uses a non-reentrant model


 *************** function _PIN_MANAGER_Initialize *****************
 Defined at:
		line 51 in file "mcc_generated_files/pin_manager.c"
 Parameters:    Size  Location     Type
		None
 Auto vars:     Size  Location     Type
  state           1    0[COMMON] unsigned char 
 Return value:  Size  Location     Type
		None               void
 Registers used:
		wreg, status,2
 Tracked objects:
		On entry : 
		On exit  : 
		Unchanged: 
 Data sizes:     COMMON   BANK0   BANK1   BANK2   BANK3   BANK4   BANK5   BANK6   BANK7   BANK8   BANK9  BANK10  BANK11  BANK12
      Params:         0       0       0       0       0       0       0       0       0       0       0       0       0       0
      Locals:         1       0       0       0       0       0       0       0       0       0       0       0       0       0
      Temps:          0       0       0       0       0       0       0       0       0       0       0       0       0       0
      Totals:         1       0       0       0       0       0       0       0       0       0       0       0       0       0
Total ram usage:        1 bytes
 Hardware stack levels used:    1
 Hardware stack levels required when called:    2
 This function calls:
		Nothing
 This function is called by:
		_SYSTEM_Initialize
 This function uses a non-reentrant model


 *************** function _OSCILLATOR_Initialize *****************
 Defined at:
		line 88 in file "mcc_generated_files/mcc.c"
 Parameters:    Size  Location     Type
		None
 Auto vars:     Size  Location     Type
		None
 Return value:  Size  Location     Type
		None               void
 Registers used:
		wreg, status,2
 Tracked objects:
		On entry : 
		On exit  : 
		Unchanged: 
 Data sizes:     COMMON   BANK0   BANK1   BANK2   BANK3   BANK4   BANK5   BANK6   BANK7   BANK8   BANK9  BANK10  BANK11  BANK12
      Params:         0       0       0       0       0       0       0       0       0       0       0       0       0       0
      Locals:         0       0       0       0       0       0       0       0       0       0       0       0       0       0
      Temps:          0       0       0       0       0       0       0       0       0       0       0       0       0       0
      Totals:         0       0       0       0       0       0       0       0       0       0       0       0       0       0
Total ram usage:        0 bytes
 Hardware stack levels used:    1
 Hardware stack levels required when called:    2
 This function calls:
		Nothing
 This function is called by:
		_SYSTEM_Initialize
 This function uses a non-reentrant model


 *************** function _EUSART_Initialize *****************
 Defined at:
		line 76 in file "mcc_generated_files/eusart.c"
 Parameters:    Size  Location     Type
		None
 Auto vars:     Size  Location     Type
		None
 Return value:  Size  Location     Type
		None               void
 Registers used:
		wreg, status,2
 Tracked objects:
		On entry : 
		On exit  : 
		Unchanged: 
 Data sizes:     COMMON   BANK0   BANK1   BANK2   BANK3   BANK4   BANK5   BANK6   BANK7   BANK8   BANK9  BANK10  BANK11  BANK12
      Params:         0       0       0       0       0       0       0       0       0       0       0       0       0       0
      Locals:         0       0       0       0       0       0       0       0       0       0       0       0       0       0
      Temps:          0       0       0       0       0       0       0       0       0       0       0       0       0       0
      Totals:         0       0       0       0       0       0       0       0       0       0       0       0       0       0
Total ram usage:        0 bytes
 Hardware stack levels used:    1
 Hardware stack levels required when called:    2
 This function calls:
		Nothing
 This function is called by:
		_SYSTEM_Initialize
 This function uses a non-reentrant model


 *************** function _CLC4_Initialize *****************
 Defined at:
		line 58 in file "mcc_generated_files/clc4.c"
 Parameters:    Size  Location     Type
		None
 Auto vars:     Size  Location     Type
		None
 Return value:  Size  Location     Type
		None               void
 Registers used:
		wreg, status,2
 Tracked objects:
		On entry : 
		On exit  : 
		Unchanged: 
 Data sizes:     COMMON   BANK0   BANK1   BANK2   BANK3   BANK4   BANK5   BANK6   BANK7   BANK8   BANK9  BANK10  BANK11  BANK12
      Params:         0       0       0       0       0       0       0       0       0       0       0       0       0       0
      Locals:         0       0       0       0       0       0       0       0       0       0       0       0       0       0
      Temps:          0       0       0       0       0       0       0       0       0       0       0       0       0       0
      Totals:         0       0       0       0       0       0       0       0       0       0       0       0       0       0
Total ram usage:        0 bytes
 Hardware stack levels used:    1
 Hardware stack levels required when called:    2
 This function calls:
		Nothing
 This function is called by:
		_SYSTEM_Initialize
 This function uses a non-reentrant model


 *************** function _ADC1_Initialize *****************
 Defined at:
		line 65 in file "mcc_generated_files/adc1.c"
 Parameters:    Size  Location     Type
		None
 Auto vars:     Size  Location     Type
		None
 Return value:  Size  Location     Type
		None               void
 Registers used:
		wreg, status,2
 Tracked objects:
		On entry : 
		On exit  : 
		Unchanged: 
 Data sizes:     COMMON   BANK0   BANK1   BANK2   BANK3   BANK4   BANK5   BANK6   BANK7   BANK8   BANK9  BANK10  BANK11  BANK12
      Params:         0       0       0       0       0       0       0       0       0       0       0       0       0       0
      Locals:         0       0       0       0       0       0       0       0       0       0       0       0       0       0
      Temps:          0       0       0       0       0       0       0       0       0       0       0       0       0       0
      Totals:         0       0       0       0       0       0       0       0       0       0       0       0       0       0
Total ram usage:        0 bytes
 Hardware stack levels used:    1
 Hardware stack levels required when called:    2
 This function calls:
		Nothing
 This function is called by:
		_SYSTEM_Initialize
 This function uses a non-reentrant model


 *************** function _LED_Task *****************
 Defined at:
		line 39 in file "../src/LED.c"
 Parameters:    Size  Location     Type
		None
 Auto vars:     Size  Location     Type
  i               2    7[COMMON] unsigned int 
  i               2    5[COMMON] unsigned int 
 Return value:  Size  Location     Type
		None               void
 Registers used:
		wreg, fsr0l, fsr0h, status,2, status,0, pclath, cstack
 Tracked objects:
		On entry : 
		On exit  : 
		Unchanged: 
 Data sizes:     COMMON   BANK0   BANK1   BANK2   BANK3   BANK4   BANK5   BANK6   BANK7   BANK8   BANK9  BANK10  BANK11  BANK12
      Params:         0       0       0       0       0       0       0       0       0       0       0       0       0       0
      Locals:         4       0       0       0       0       0       0       0       0       0       0       0       0       0
      Temps:          0       0       0       0       0       0       0       0       0       0       0       0       0       0
      Totals:         4       0       0       0       0       0       0       0       0       0       0       0       0       0
Total ram usage:        4 bytes
 Hardware stack levels used:    1
 Hardware stack levels required when called:    5
 This function calls:
		_ledSetColor
 This function is called by:
		_main
 This function uses a non-reentrant model


 *************** function _ledSetColor *****************
 Defined at:
		line 88 in file "../src/LED.c"
 Parameters:    Size  Location     Type
  ledColor        3    2[COMMON] struct .
 Auto vars:     Size  Location     Type
		None
 Return value:  Size  Location     Type
		None               void
 Registers used:
		wreg, status,2, status,0, pclath, cstack
 Tracked objects:
		On entry : 
		On exit  : 
		Unchanged: 
 Data sizes:     COMMON   BANK0   BANK1   BANK2   BANK3   BANK4   BANK5   BANK6   BANK7   BANK8   BANK9  BANK10  BANK11  BANK12
      Params:         3       0       0       0       0       0       0       0       0       0       0       0       0       0
      Locals:         0       0       0       0       0       0       0       0       0       0       0       0       0       0
      Temps:          0       0       0       0       0       0       0       0       0       0       0       0       0       0
      Totals:         3       0       0       0       0       0       0       0       0       0       0       0       0       0
Total ram usage:        3 bytes
 Hardware stack levels used:    1
 Hardware stack levels required when called:    4
 This function calls:
		_ledSendByte
 This function is called by:
		_LED_Task
 This function uses a non-reentrant model


 *************** function _COMM_Task *****************
 Defined at:
		line 189 in file "../src/serialCommand.c"
 Parameters:    Size  Location     Type
		None
 Auto vars:     Size  Location     Type
  i               1    1[BANK0 ] unsigned char 
  receiveData     1    2[BANK0 ] unsigned char 
 Return value:  Size  Location     Type
		None               void
 Registers used:
		wreg, fsr0l, fsr0h, fsr1l, fsr1h, status,2, status,0, pclath, cstack
 Tracked objects:
		On entry : 
		On exit  : 
		Unchanged: 
 Data sizes:     COMMON   BANK0   BANK1   BANK2   BANK3   BANK4   BANK5   BANK6   BANK7   BANK8   BANK9  BANK10  BANK11  BANK12
      Params:         0       0       0       0       0       0       0       0       0       0       0       0       0       0
      Locals:         0       2       0       0       0       0       0       0       0       0       0       0       0       0
      Temps:          0       1       0       0       0       0       0       0       0       0       0       0       0       0
      Totals:         0       3       0       0       0       0       0       0       0       0       0       0       0       0
Total ram usage:        3 bytes
 Hardware stack levels used:    1
 Hardware stack levels required when called:    6
 This function calls:
		Absolute function
		_EUSART_Read
		___wmul
		_command_GetnumberofCommands
		_getCommandProcess
		_memset
		_printf
		_setCommandProcess
		_strncmp
		_testCommandProcess
 This function is called by:
		_main
 This function uses a non-reentrant model


 *************** function _getCommandProcess *****************
 Defined at:
		line 117 in file "../src/serialCommand.c"
 Parameters:    Size  Location     Type
  input           1   13[COMMON] PTR unsigned char 
		 -> inputCommand(16), 
 Auto vars:     Size  Location     Type
		None
 Return value:  Size  Location     Type
		None               void
 Registers used:
		wreg, fsr0l, fsr0h, fsr1l, fsr1h, status,2, status,0, pclath, cstack
 Tracked objects:
		On entry : 
		On exit  : 
		Unchanged: 
 Data sizes:     COMMON   BANK0   BANK1   BANK2   BANK3   BANK4   BANK5   BANK6   BANK7   BANK8   BANK9  BANK10  BANK11  BANK12
      Params:         1       0       0       0       0       0       0       0       0       0       0       0       0       0
      Locals:         0       0       0       0       0       0       0       0       0       0       0       0       0       0
      Temps:          0       0       0       0       0       0       0       0       0       0       0       0       0       0
      Totals:         1       0       0       0       0       0       0       0       0       0       0       0       0       0
Total ram usage:        1 bytes
 Hardware stack levels used:    1
 Hardware stack levels required when called:    5
 This function calls:
		_printf
		_strcmp
 This function is called by:
		_COMM_Task
 This function uses a non-reentrant model


 *************** function _setCommandProcess *****************
 Defined at:
		line 71 in file "../src/serialCommand.c"
 Parameters:    Size  Location     Type
  input           1   13[COMMON] PTR unsigned char 
		 -> inputCommand(16), 
 Auto vars:     Size  Location     Type
		None
 Return value:  Size  Location     Type
		None               void
 Registers used:
		wreg, fsr0l, fsr0h, fsr1l, fsr1h, status,2, status,0, pclath, cstack
 Tracked objects:
		On entry : 
		On exit  : 
		Unchanged: 
 Data sizes:     COMMON   BANK0   BANK1   BANK2   BANK3   BANK4   BANK5   BANK6   BANK7   BANK8   BANK9  BANK10  BANK11  BANK12
      Params:         1       0       0       0       0       0       0       0       0       0       0       0       0       0
      Locals:         0       0       0       0       0       0       0       0       0       0       0       0       0       0
      Temps:          0       0       0       0       0       0       0       0       0       0       0       0       0       0
      Totals:         1       0       0       0       0       0       0       0       0       0       0       0       0       0
Total ram usage:        1 bytes
 Hardware stack levels used:    1
 Hardware stack levels required when called:    5
 This function calls:
		_oneByte_HexSrtingToBinary
		_printf
		_strcmp
		_strlen
		_strncmp
 This function is called by:
		_COMM_Task
 This function uses a non-reentrant model


 *************** function _testCommandProcess *****************
 Defined at:
		line 149 in file "../src/serialCommand.c"
 Parameters:    Size  Location     Type
  input           1   13[COMMON] PTR unsigned char 
		 -> inputCommand(16), 
 Auto vars:     Size  Location     Type
		None
 Return value:  Size  Location     Type
		None               void
 Registers used:
		wreg, fsr0l, fsr0h, fsr1l, fsr1h, status,2, status,0, pclath, cstack
 Tracked objects:
		On entry : 
		On exit  : 
		Unchanged: 
 Data sizes:     COMMON   BANK0   BANK1   BANK2   BANK3   BANK4   BANK5   BANK6   BANK7   BANK8   BANK9  BANK10  BANK11  BANK12
      Params:         1       0       0       0       0       0       0       0       0       0       0       0       0       0
      Locals:         0       0       0       0       0       0       0       0       0       0       0       0       0       0
      Temps:          0       0       0       0       0       0       0       0       0       0       0       0       0       0
      Totals:         1       0       0       0       0       0       0       0       0       0       0       0       0       0
Total ram usage:        1 bytes
 Hardware stack levels used:    1
 Hardware stack levels required when called:    5
 This function calls:
		_LED_Test
		_printf
		_strcmp
 This function is called by:
		_COMM_Task
 This function uses a non-reentrant model


 *************** function _LED_Test *****************
 Defined at:
		line 13 in file "../src/LED.c"
 Parameters:    Size  Location     Type
		None
 Auto vars:     Size  Location     Type
  j               1    6[COMMON] unsigned char 
  i               1    5[COMMON] unsigned char 
 Return value:  Size  Location     Type
		None               void
 Registers used:
		wreg, fsr0l, fsr0h, status,2, status,0, pclath, cstack
 Tracked objects:
		On entry : 
		On exit  : 
		Unchanged: 
 Data sizes:     COMMON   BANK0   BANK1   BANK2   BANK3   BANK4   BANK5   BANK6   BANK7   BANK8   BANK9  BANK10  BANK11  BANK12
      Params:         0       0       0       0       0       0       0       0       0       0       0       0       0       0
      Locals:         2       0       0       0       0       0       0       0       0       0       0       0       0       0
      Temps:          3       0       0       0       0       0       0       0       0       0       0       0       0       0
      Totals:         5       0       0       0       0       0       0       0       0       0       0       0       0       0
Total ram usage:        5 bytes
 Hardware stack levels used:    1
 Hardware stack levels required when called:    4
 This function calls:
		_ledSendByte
 This function is called by:
		_main
		_testCommandProcess
 This function uses a non-reentrant model


 *************** function _ledSendByte *****************
 Defined at:
		line 109 in file "../src/LED.c"
 Parameters:    Size  Location     Type
  data            1    wreg     unsigned char 
 Auto vars:     Size  Location     Type
  data            1    1[COMMON] unsigned char 
 Return value:  Size  Location     Type
		None               void
 Registers used:
		wreg, status,2, status,0, pclath, cstack
 Tracked objects:
		On entry : 
		On exit  : 
		Unchanged: 
 Data sizes:     COMMON   BANK0   BANK1   BANK2   BANK3   BANK4   BANK5   BANK6   BANK7   BANK8   BANK9  BANK10  BANK11  BANK12
      Params:         0       0       0       0       0       0       0       0       0       0       0       0       0       0
      Locals:         1       0       0       0       0       0       0       0       0       0       0       0       0       0
      Temps:          0       0       0       0       0       0       0       0       0       0       0       0       0       0
      Totals:         1       0       0       0       0       0       0       0       0       0       0       0       0       0
Total ram usage:        1 bytes
 Hardware stack levels used:    1
 Hardware stack levels required when called:    3
 This function calls:
		_SPI_Exchange8bit
 This function is called by:
		_LED_Test
		_ledSetColor
 This function uses a non-reentrant model


 *************** function _SPI_Exchange8bit *****************
 Defined at:
		line 77 in file "mcc_generated_files/spi.c"
 Parameters:    Size  Location     Type
  data            1    wreg     unsigned char 
 Auto vars:     Size  Location     Type
  data            1    0[COMMON] unsigned char 
 Return value:  Size  Location     Type
                  1    wreg      unsigned char 
 Registers used:
		wreg
 Tracked objects:
		On entry : 
		On exit  : 
		Unchanged: 
 Data sizes:     COMMON   BANK0   BANK1   BANK2   BANK3   BANK4   BANK5   BANK6   BANK7   BANK8   BANK9  BANK10  BANK11  BANK12
      Params:         0       0       0       0       0       0       0       0       0       0       0       0       0       0
      Locals:         1       0       0       0       0       0       0       0       0       0       0       0       0       0
      Temps:          0       0       0       0       0       0       0       0       0       0       0       0       0       0
      Totals:         1       0       0       0       0       0       0       0       0       0       0       0       0       0
Total ram usage:        1 bytes
 Hardware stack levels used:    1
 Hardware stack levels required when called:    2
 This function calls:
		Nothing
 This function is called by:
		_ledSendByte
 This function uses a non-reentrant model


 *************** function _strncmp *****************
 Defined at:
		line 4 in file "/Applications/microchip/xc8/v1.34/sources/common/strncmp.c"
 Parameters:    Size  Location     Type
  s1              2    6[COMMON] PTR const unsigned char 
		 -> inputCommand(16), CMD_SET_DIRECT(15), 
  s2              2    8[COMMON] PTR const unsigned char 
		 -> inputCommand(16), STR_7(1), STR_5(5), STR_3(7), 
		 -> STR_1(7), 
  len             2   10[COMMON] unsigned int 
 Auto vars:     Size  Location     Type
		None
 Return value:  Size  Location     Type
                  2    6[COMMON] int 
 Registers used:
		wreg, fsr0l, fsr0h, status,2, status,0, pclath
 Tracked objects:
		On entry : 
		On exit  : 
		Unchanged: 
 Data sizes:     COMMON   BANK0   BANK1   BANK2   BANK3   BANK4   BANK5   BANK6   BANK7   BANK8   BANK9  BANK10  BANK11  BANK12
      Params:         6       0       0       0       0       0       0       0       0       0       0       0       0       0
      Locals:         0       0       0       0       0       0       0       0       0       0       0       0       0       0
      Temps:          1       0       0       0       0       0       0       0       0       0       0       0       0       0
      Totals:         7       0       0       0       0       0       0       0       0       0       0       0       0       0
Total ram usage:        7 bytes
 Hardware stack levels used:    1
 Hardware stack levels required when called:    2
 This function calls:
		Nothing
 This function is called by:
		_setCommandProcess
		_COMM_Task
 This function uses a non-reentrant model


 *************** function _strlen *****************
 Defined at:
		line 4 in file "/Applications/microchip/xc8/v1.34/sources/common/strlen.c"
 Parameters:    Size  Location     Type
  s               2    0[COMMON] PTR const unsigned char 
		 -> inputCommand(16), CMD_SET_DIRECT(15), 
 Auto vars:     Size  Location     Type
  cp              2    3[COMMON] PTR const unsigned char 
		 -> inputCommand(16), CMD_SET_DIRECT(15), 
 Return value:  Size  Location     Type
                  2    0[COMMON] unsigned int 
 Registers used:
		wreg, fsr0l, fsr0h, status,2, status,0
 Tracked objects:
		On entry : 
		On exit  : 
		Unchanged: 
 Data sizes:     COMMON   BANK0   BANK1   BANK2   BANK3   BANK4   BANK5   BANK6   BANK7   BANK8   BANK9  BANK10  BANK11  BANK12
      Params:         2       0       0       0       0       0       0       0       0       0       0       0       0       0
      Locals:         2       0       0       0       0       0       0       0       0       0       0       0       0       0
      Temps:          1       0       0       0       0       0       0       0       0       0       0       0       0       0
      Totals:         5       0       0       0       0       0       0       0       0       0       0       0       0       0
Total ram usage:        5 bytes
 Hardware stack levels used:    1
 Hardware stack levels required when called:    2
 This function calls:
		Nothing
 This function is called by:
		_setCommandProcess
 This function uses a non-reentrant model


 *************** function _oneByte_HexSrtingToBinary *****************
 Defined at:
		line 165 in file "../src/serialCommand.c"
 Parameters:    Size  Location     Type
  data            1    wreg     PTR unsigned char 
		 -> inputCommand(16), 
 Auto vars:     Size  Location     Type
  data            1    3[COMMON] PTR unsigned char 
		 -> inputCommand(16), 
  i               1    2[COMMON] unsigned char 
 Return value:  Size  Location     Type
                  1    wreg      unsigned char 
 Registers used:
		wreg, fsr0l, fsr0h, fsr1l, fsr1h, status,2, status,0
 Tracked objects:
		On entry : 
		On exit  : 
		Unchanged: 
 Data sizes:     COMMON   BANK0   BANK1   BANK2   BANK3   BANK4   BANK5   BANK6   BANK7   BANK8   BANK9  BANK10  BANK11  BANK12
[...]
		_COMM_Task
 This function uses a non-reentrant model


 *************** function _strcmp *****************
 Defined at:
		line 5 in file "/Applications/microchip/xc8/v1.34/sources/common/strcmp.c"
 Parameters:    Size  Location     Type
  s1              2    0[COMMON] PTR const unsigned char 
		 -> CMD_TEST_SRAM(12), CMD_TEST_LED(11), CMD_GET_STATE(14), CMD_SET_PARTY(15), 
		 -> CMD_SET_XMAS(14), CMD_SET_STARRY(16), CMD_SET_OFF(13), 
  s2              1    2[COMMON] PTR const unsigned char 
		 -> inputCommand(16), 
 Auto vars:     Size  Location     Type
  t1              1    5[COMMON] unsigned char 
  t2              1    4[COMMON] unsigned char 
  t0              1    3[COMMON] unsigned char 
 Return value:  Size  Location     Type
                  2    0[COMMON] int 
 Registers used:
		wreg, fsr0l, fsr0h, fsr1l, fsr1h, status,2, status,0, pclath
 Tracked objects:
		On entry : 
		On exit  : 
		Unchanged: 
 Data sizes:     COMMON   BANK0   BANK1   BANK2   BANK3   BANK4   BANK5   BANK6   BANK7   BANK8   BANK9  BANK10  BANK11  BANK12
      Params:         3       0       0       0       0       0       0       0       0       0       0       0       0       0
      Locals:         3       0       0       0       0       0       0       0       0       0       0       0       0       0
      Temps:          0       0       0       0       0       0       0       0       0       0       0       0       0       0
      Totals:         6       0       0       0       0       0       0       0       0       0       0       0       0       0
Total ram usage:        6 bytes
 Hardware stack levels used:    1
 Hardware stack levels required when called:    2
 This function calls:
		Nothing
 This function is called by:
		_setCommandProcess
		_getCommandProcess
		_testCommandProcess
 This function uses a non-reentrant model


 *************** function _printf *****************
 Defined at:
		line 464 in file "/Applications/microchip/xc8/v1.34/sources/common/doprnt.c"
 Parameters:    Size  Location     Type
  f               2    2[COMMON] PTR const unsigned char 
		 -> STR_25(19), STR_24(19), STR_23(19), STR_22(19), 
		 -> STR_21(8), STR_20(8), STR_19(7), STR_18(9), 
		 -> STR_17(15), STR_16(13), STR_15(19), STR_14(19), 
		 -> STR_13(8), STR_12(8), STR_11(8), STR_10(8), 
		 -> STR_9(8), 
 Auto vars:     Size  Location     Type
  tmpval          4    0        struct .
  cp              2    0        PTR const unsigned char 
  len             2    0        unsigned int 
  val             2    0        unsigned int 
  c               1    6[COMMON] char 
  flag            1    0        unsigned char 
  prec            1    0        char 
  ap              1    0        PTR void [1]
		 -> ?_printf(2), 
 Return value:  Size  Location     Type
                  2    2[COMMON] int 
 Registers used:
		wreg, fsr0l, fsr0h, fsr1l, fsr1h, status,2, status,0, pclath, cstack
 Tracked objects:
		On entry : 
		On exit  : 
		Unchanged: 
 Data sizes:     COMMON   BANK0   BANK1   BANK2   BANK3   BANK4   BANK5   BANK6   BANK7   BANK8   BANK9  BANK10  BANK11  BANK12
      Params:         2       0       0       0       0       0       0       0       0       0       0       0       0       0
      Locals:         1       0       0       0       0       0       0       0       0       0       0       0       0       0
      Temps:          2       0       0       0       0       0       0       0       0       0       0       0       0       0
      Totals:         5       0       0       0       0       0       0       0       0       0       0       0       0       0
Total ram usage:        5 bytes
 Hardware stack levels used:    1
 Hardware stack levels required when called:    4
 This function calls:
		_putch
 This function is called by:
		_setCommandProcess
		_getCommandProcess
		_testCommandProcess
		_COMM_Task
 This function uses a non-reentrant model


 *************** function _putch *****************
 Defined at:
		line 151 in file "mcc_generated_files/eusart.c"
 Parameters:    Size  Location     Type
  txData          1    wreg     unsigned char 
 Auto vars:     Size  Location     Type
  txData          1    1[COMMON] unsigned char 
 Return value:  Size  Location     Type
		None               void
 Registers used:
		wreg, fsr1l, fsr1h, status,2, status,0, pclath, cstack
 Tracked objects:
		On entry : 
		On exit  : 
		Unchanged: 
 Data sizes:     COMMON   BANK0   BANK1   BANK2   BANK3   BANK4   BANK5   BANK6   BANK7   BANK8   BANK9  BANK10  BANK11  BANK12
      Params:         0       0       0       0       0       0       0       0       0       0       0       0       0       0
      Locals:         1       0       0       0       0       0       0       0       0       0       0       0       0       0
      Temps:          0       0       0       0       0       0       0       0       0       0       0       0       0       0
      Totals:         1       0       0       0       0       0       0       0       0       0       0       0       0       0
Total ram usage:        1 bytes
 Hardware stack levels used:    1
 Hardware stack levels required when called:    3
 This function calls:
		_EUSART_Write
 This function is called by:
		_printf
 This function uses a non-reentrant model


 *************** function _EUSART_Write *****************
 Defined at:
		line 130 in file "mcc_generated_files/eusart.c"
 Parameters:    Size  Location     Type
  txData          1    wreg     unsigned char 
 Auto vars:     Size  Location     Type
  txData          1    0[COMMON] unsigned char 
 Return value:  Size  Location     Type
		None               void
 Registers used:
		wreg, fsr1l, fsr1h, status,2, status,0
 Tracked objects:
		On entry : 
		On exit  : 
		Unchanged: 
 Data sizes:     COMMON   BANK0   BANK1   BANK2   BANK3   BANK4   BANK5   BANK6   BANK7   BANK8   BANK9  BANK10  BANK11  BANK12
      Params:         0       0       0       0       0       0       0       0       0       0       0       0       0       0
      Locals:         1       0       0       0       0       0       0       0       0       0       0       0       0       0
      Temps:          0       0       0       0       0       0       0       0       0       0       0       0       0       0
      Totals:         1       0       0       0       0       0       0       0       0       0       0       0       0       0
Total ram usage:        1 bytes
 Hardware stack levels used:    1
 Hardware stack levels required when called:    2
 This function calls:
		Nothing
 This function is called by:
		_putch
 This function uses a non-reentrant model


 *************** function _command_GetnumberofCommands *****************
 Defined at:
		line 55 in file "../src/serialCommand.c"
 Parameters:    Size  Location     Type
  commandArray    2    6[COMMON] PTR const struct command
		 -> commands(28), 
 Auto vars:     Size  Location     Type
  i               1   11[COMMON] unsigned char 
 Return value:  Size  Location     Type
                  1    wreg      unsigned char 
 Registers used:
		wreg, fsr0l, fsr0h, status,2, status,0, pclath, cstack
 Tracked objects:
		On entry : 
		On exit  : 
		Unchanged: 
 Data sizes:     COMMON   BANK0   BANK1   BANK2   BANK3   BANK4   BANK5   BANK6   BANK7   BANK8   BANK9  BANK10  BANK11  BANK12
      Params:         2       0       0       0       0       0       0       0       0       0       0       0       0       0
      Locals:         1       0       0       0       0       0       0       0       0       0       0       0       0       0
      Temps:          3       0       0       0       0       0       0       0       0       0       0       0       0       0
      Totals:         6       0       0       0       0       0       0       0       0       0       0       0       0       0
Total ram usage:        6 bytes
 Hardware stack levels used:    1
 Hardware stack levels required when called:    3
 This function calls:
		___wmul
 This function is called by:
		_COMM_Task
 This function uses a non-reentrant model


 *************** function ___wmul *****************
 Defined at:
		line 15 in file "/Applications/microchip/xc8/v1.34/sources/common/Umul16.c"
 Parameters:    Size  Location     Type
  multiplier      2    0[COMMON] unsigned int 
  multiplicand    2    2[COMMON] unsigned int 
 Auto vars:     Size  Location     Type
  product         2    4[COMMON] unsigned int 
 Return value:  Size  Location     Type
                  2    0[COMMON] unsigned int 
 Registers used:
		wreg, status,2, status,0
 Tracked objects:
		On entry : 
		On exit  : 
		Unchanged: 
 Data sizes:     COMMON   BANK0   BANK1   BANK2   BANK3   BANK4   BANK5   BANK6   BANK7   BANK8   BANK9  BANK10  BANK11  BANK12
      Params:         4       0       0       0       0       0       0       0       0       0       0       0       0       0
      Locals:         2       0       0       0       0       0       0       0       0       0       0       0       0       0
      Temps:          0       0       0       0       0       0       0       0       0       0       0       0       0       0
      Totals:         6       0       0       0       0       0       0       0       0       0       0       0       0       0
Total ram usage:        6 bytes
 Hardware stack levels used:    1
 Hardware stack levels required when called:    2
 This function calls:
		Nothing
 This function is called by:
		_command_GetnumberofCommands
		_COMM_Task
 This function uses a non-reentrant model


 *************** function _EUSART_Read *****************
 Defined at:
		line 112 in file "mcc_generated_files/eusart.c"
 Parameters:    Size  Location     Type
		None
 Auto vars:     Size  Location     Type
  readValue       1    0[COMMON] unsigned char 
 Return value:  Size  Location     Type
                  1    wreg      unsigned char 
 Registers used:
		wreg, fsr1l, fsr1h, status,2, status,0
 Tracked objects:
		On entry : 
		On exit  : 
		Unchanged: 
 Data sizes:     COMMON   BANK0   BANK1   BANK2   BANK3   BANK4   BANK5   BANK6   BANK7   BANK8   BANK9  BANK10  BANK11  BANK12
      Params:         0       0       0       0       0       0       0       0       0       0       0       0       0       0
      Locals:         1       0       0       0       0       0       0       0       0       0       0       0       0       0
      Temps:          0       0       0       0       0       0       0       0       0       0       0       0       0       0
      Totals:         1       0       0       0       0       0       0       0       0       0       0       0       0       0
Total ram usage:        1 bytes
 Hardware stack levels used:    1
 Hardware stack levels required when called:    2
 This function calls:
		Nothing
 This function is called by:
		_COMM_Task
 This function uses a non-reentrant model


 *************** function _INTERRUPT_InterruptManager *****************
 Defined at:
		line 52 in file "mcc_generated_files/interrupt_manager.c"
 Parameters:    Size  Location     Type
		None
 Auto vars:     Size  Location     Type
		None
 Return value:  Size  Location     Type
		None               void
 Registers used:
		wreg, fsr1l, fsr1h, status,2, status,0, pclath, cstack
 Tracked objects:
		On entry : 
		On exit  : 
		Unchanged: 
 Data sizes:     COMMON   BANK0   BANK1   BANK2   BANK3   BANK4   BANK5   BANK6   BANK7   BANK8   BANK9  BANK10  BANK11  BANK12
      Params:         0       0       0       0       0       0       0       0       0       0       0       0       0       0
      Locals:         0       0       0       0       0       0       0       0       0       0       0       0       0       0
      Temps:          0       0       0       0       0       0       0       0       0       0       0       0       0       0
      Totals:         0       0       0       0       0       0       0       0       0       0       0       0       0       0
Total ram usage:        0 bytes
 Hardware stack levels used:    1
 Hardware stack levels required when called:    1
 This function calls:
		_EUSART_Receive_ISR
		_EUSART_Transmit_ISR
		_PIN_MANAGER_IOC
 This function is called by:
		Interrupt level 1
 This function uses a non-reentrant model


 *************** function _PIN_MANAGER_IOC *****************
 Defined at:
		line 99 in file "mcc_generated_files/pin_manager.c"
 Parameters:    Size  Location     Type
		None
 Auto vars:     Size  Location     Type
		None
 Return value:  Size  Location     Type
		None               void
 Registers used:
		None
 Tracked objects:
		On entry : 
		On exit  : 
		Unchanged: 
 Data sizes:     COMMON   BANK0   BANK1   BANK2   BANK3   BANK4   BANK5   BANK6   BANK7   BANK8   BANK9  BANK10  BANK11  BANK12
      Params:         0       0       0       0       0       0       0       0       0       0       0       0       0       0
      Locals:         0       0       0       0       0       0       0       0       0       0       0       0       0       0
      Temps:          0       0       0       0       0       0       0       0       0       0       0       0       0       0
      Totals:         0       0       0       0       0       0       0       0       0       0       0       0       0       0
Total ram usage:        0 bytes
 Hardware stack levels used:    1
 This function calls:
		Nothing
 This function is called by:
		_INTERRUPT_InterruptManager
 This function uses a non-reentrant model


 *************** function _EUSART_Transmit_ISR *****************
 Defined at:
		line 155 in file "mcc_generated_files/eusart.c"
 Parameters:    Size  Location     Type
		None
 Auto vars:     Size  Location     Type
		None
 Return value:  Size  Location     Type
		None               void
 Registers used:
		wreg, fsr1l, fsr1h, status,2, status,0
 Tracked objects:
		On entry : 
		On exit  : 
		Unchanged: 
 Data sizes:     COMMON   BANK0   BANK1   BANK2   BANK3   BANK4   BANK5   BANK6   BANK7   BANK8   BANK9  BANK10  BANK11  BANK12
      Params:         0       0       0       0       0       0       0       0       0       0       0       0       0       0
      Locals:         0       0       0       0       0       0       0       0       0       0       0       0       0       0
      Temps:          0       0       0       0       0       0       0       0       0       0       0       0       0       0
      Totals:         0       0       0       0       0       0       0       0       0       0       0       0       0       0
Total ram usage:        0 bytes
 Hardware stack levels used:    1
 This function calls:
		Nothing
 This function is called by:
		_INTERRUPT_InterruptManager
 This function uses a non-reentrant model


 *************** function _EUSART_Receive_ISR *****************
 Defined at:
		line 169 in file "mcc_generated_files/eusart.c"
 Parameters:    Size  Location     Type
		None
 Auto vars:     Size  Location     Type
		None
 Return value:  Size  Location     Type
		None               void
 Registers used:
		wreg, fsr1l, fsr1h, status,2, status,0
 Tracked objects:
		On entry : 
		On exit  : 
		Unchanged: 
 Data sizes:     COMMON   BANK0   BANK1   BANK2   BANK3   BANK4   BANK5   BANK6   BANK7   BANK8   BANK9  BANK10  BANK11  BANK12
      Params:         0       0       0       0       0       0       0       0       0       0       0       0       0       0
      Locals:         0       0       0       0       0       0       0       0       0       0       0       0       0       0
      Temps:          0       0       0       0       0       0       0       0       0       0       0       0       0       0
      Totals:         0       0       0       0       0       0       0       0       0       0       0       0       0       0
Total ram usage:        0 bytes
 Hardware stack levels used:    1
 This function calls:
		Nothing
 This function is called by:
		_INTERRUPT_InterruptManager
 This function uses a non-reentrant model



MODULE INFORMATION

Module		Function		Class		Link	Load	Size
mcc_generated_files/tmr2.c
		_TMR2_Initializ		CODE           	01A0	0000	12
		_TMR2_Start    		CODE           	01CB	0000	3

mcc_generated_files/tmr2.c estimated size: 15

mcc_generated_files/interrupt_manager.c
		_INTERRUPT_Inte		CODE           	0004	0000	27

mcc_generated_files/interrupt_manager.c estimated size: 27

../src/serialCommand.c
		_oneByte_HexSrt		CODE           	03EA	0000	109
		_getCommandProc		CODE           	02C5	0000	60
		_setCommandProc		CODE           	0300	0000	157
		_command_Getnum		CODE           	04BD	0000	37
		_COMM_Task     		CODE           	01CD	0000	197
		_testCommandPro		CODE           	02A6	0000	32

../src/serialCommand.c estimated size: 592

mcc_generated_files/adc1.c
		_ADC1_Initializ		CODE           	0123	0000	10

mcc_generated_files/adc1.c estimated size: 10

/Applications/microchip/xc8/v1.34/sources/common/Umul16.c
		___wmul        		CODE           	0291	0000	22

/Applications/microchip/xc8/v1.34/sources/common/Umul16.c estimated size: 22

mcc_generated_files/pin_manager.c
		_PIN_MANAGER_In		CODE           	014C	0000	79
		_PIN_MANAGER_IO		CODE           	0768	0000	37

mcc_generated_files/pin_manager.c estimated size: 116

mcc_generated_files/clc4.c
		_CLC4_Initializ		CODE           	01AB	0000	22

mcc_generated_files/clc4.c estimated size: 22

mcc_generated_files/spi.c
		_SPI_Exchange8b		CODE           	010B	0000	10
		_SPI_Initialize		CODE           	019A	0000	7

mcc_generated_files/spi.c estimated size: 17

../src/LED.c
		_ledSetColor   		CODE           	0000	0000	1
		_LED_Task      		CODE           	0095	0000	119
		_LED_Test      		CODE           	0041	0000	85
		_ledSendByte   		CODE           	0000	0000	1

../src/LED.c estimated size: 206

shared
		_ledFullOn     		STRCODE        	0603	0000	4
		_ledFullOff    		STRCODE        	0600	0000	4
		_CMD_SET_OFF   		STRCODE        	066C	0000	14
		_CMD_GET_STATE 		STRCODE        	0650	0000	15
		_CMD_SET_XMAS  		STRCODE        	065E	0000	15
		_CMD_SET_PARTY 		STRCODE        	0641	0000	16
		__initializatio		CODE           	0020	0000	9
		_CMD_SET_DIRECT		STRCODE        	0632	0000	16
		_CMD_SET_STARRY		STRCODE        	0622	0000	17
		_CMD_TEST_LED  		STRCODE        	0685	0000	12
		_commands      		STRCODE        	0606	0000	29
		_CMD_TEST_SRAM 		STRCODE        	0679	0000	13

shared estimated size: 164

mcc_generated_files/mcc.c
		_OSCILLATOR_Ini		CODE           	0144	0000	9
		_SYSTEM_Initial		CODE           	0114	0000	16

mcc_generated_files/mcc.c estimated size: 25

/Applications/microchip/xc8/v1.34/sources/common/strncmp.c
		_strncmp       		CODE           	046E	0000	58

/Applications/microchip/xc8/v1.34/sources/common/strncmp.c estimated size: 58

mcc_generated_files/pwm3.c
		_PWM3_Initializ		CODE           	01C0	0000	12

mcc_generated_files/pwm3.c estimated size: 12

/Applications/microchip/xc8/v1.34/sources/common/strlen.c
		_strlen        		CODE           	0456	0000	23

/Applications/microchip/xc8/v1.34/sources/common/strlen.c estimated size: 23

/Applications/microchip/xc8/v1.34/sources/common/strcmp.c
		_strcmp        		CODE           	039C	0000	61

/Applications/microchip/xc8/v1.34/sources/common/strcmp.c estimated size: 61

/Applications/microchip/xc8/v1.34/sources/common/memset.c
		_memset        		CODE           	04E1	0000	19

/Applications/microchip/xc8/v1.34/sources/common/memset.c estimated size: 19

../src/main.c
		_main          		CODE           	002A	0000	24

../src/main.c estimated size: 24

mcc_generated_files/eusart.c
		_putch         		CODE           	046C	0000	3
		_EUSART_Read   		CODE           	04A7	0000	23
		_EUSART_Write  		CODE           	04F3	0000	30
		_EUSART_Transmi		CODE           	078C	0000	23
		_EUSART_Initial		CODE           	012C	0000	25
		_EUSART_Receive		CODE           	07A2	0000	22

mcc_generated_files/eusart.c estimated size: 126

/Applications/microchip/xc8/v1.34/sources/common/doprnt.c
		_printf        		CODE           	03D8	0000	19

/Applications/microchip/xc8/v1.34/sources/common/doprnt.c estimated size: 19

