Microchip MPLAB XC8 Compiler V1.33 ()

Linker command line:

--edf=/Applications/microchip/xc8/v1.33/dat/en_msgs.txt -cs \
  -h+dist/default/production/BT_LED_strip.X.production.sym \
  --cmf=dist/default/production/BT_LED_strip.X.production.cmf -z -Q12F1822 \
  -o/tmp/cgtn5qf7X -Mdist/default/production/BT_LED_strip.X.production.map \
  -E1 -ver=XC8 -ASTACK=02039h-0206fh -pstack=STACK -ACONST=00h-0FFhx8 \
  -ACODE=00h-07FFh -ASTRCODE=00h-07FFh -AENTRY=00h-0FFhx8 \
  -ASTRING=00h-0FFhx8 -ACOMMON=070h-07Fh -ABANK0=020h-06Fh \
  -ABANK1=0A0h-0BFh -ABIGRAM=02000h-0206Fh -ARAM=020h-06Fh,0A0h-0BFh \
  -AABS1=020h-07Fh,0A0h-0BFh -ASFR0=00h-01Fh -ASFR1=080h-09Fh \
  -ASFR2=0100h-016Fh -ASFR3=0180h-01EFh -ASFR4=0200h-026Fh \
  -ASFR5=0280h-02EFh -ASFR6=0300h-036Fh -ASFR7=0380h-03EFh \
  -ASFR8=0400h-046Fh -ASFR9=0480h-04EFh -ASFR10=0500h-056Fh \
  -ASFR11=0580h-05EFh -ASFR12=0600h-066Fh -ASFR13=0680h-06EFh \
  -ASFR14=0700h-076Fh -ASFR15=0780h-07EFh -ASFR16=0800h-086Fh \
  -ASFR17=0880h-08EFh -ASFR18=0900h-096Fh -ASFR19=0980h-09EFh \
  -ASFR20=0A00h-0A6Fh -ASFR21=0A80h-0AEFh -ASFR22=0B00h-0B6Fh \
  -ASFR23=0B80h-0BEFh -ASFR24=0C00h-0C6Fh -ASFR25=0C80h-0CEFh \
  -ASFR26=0D00h-0D6Fh -ASFR27=0D80h-0DEFh -ASFR28=0E00h-0E6Fh \
  -ASFR29=0E80h-0EEFh -ASFR30=0F00h-0F6Fh -ASFR31=0F80h-0FEFh \
  -preset_vec=00h,intentry=04h,init,end_init -ppowerup=CODE -pcinit=CODE \
  -pfunctab=CODE -ACONFIG=08007h-08008h -pconfig=CONFIG -DCONFIG=2 \
  -AIDLOC=08000h-08003h -pidloc=IDLOC -DIDLOC=2 -AEEDATA=00h-0FFh/0F000h \
  -peeprom_data=EEDATA -DEEDATA=2 -DCODE=2 -DSTRCODE=2 -DSTRING=2 -DCONST=2 \
  -DENTRY=2 -k /tmp/cgt9evDNc.obj \
  dist/default/production/BT_LED_strip.X.production.obj 

Object code version is 3.11

Machine type is 12F1822



                Name                               Link     Load   Length Selector   Space Scale
/tmp/cgt9evDNc.obj
                end_init                             27       27        1        8       0
                reset_vec                             0        0        1        0       0
                config                             8007     8007        2    1000E       0
dist/default/production/BT_LED_strip.X.production.obj
                cinit                                28       28        C        8       0
                intentry                              4        4       23        8       0
                text23                              47C      47C        2      550       0
                text22                              3EE      3EE       15      550       0
                text21                              3C3      3C3       16      550       0
                text20                              47E      47E        1      550       0
                text19                              403      403       13      550       0
                text17                              3D9      3D9       15      550       0
                swtext3                             10F      10F        5      214       0
                text16                              2A8      2A8       5E      550       0
                text15                              456      456        B      550       0
                text14                              37E      37E       18      550       0
                text13                              475      475        4      550       0
                text12                              461      461        8      550       0
                text11                              439      439       10      550       0
                text10                              479      479        3      550       0
                text9                               428      428       11      550       0
                text8                               46F      46F        6      550       0
                text7                               3AD      3AD       16      550       0
                text6                               416      416       12      550       0
                text5                               362      362       1C      550       0
                text4                               396      396       17      550       0
                text3                               342      342       20      550       0
                text2                               306      306       3C      550       0
                swtext2                             114      114        4      214       0
                swtext1                             10A      10A        5      214       0
                text1                                34       34       D6        8       0
                maintext                            449      449        D      550       0
                cstackCOMMON                         70       70        B       70       1
                clrtext                             469      469        6      550       0
                bssBANK0                             20       20       39       20       1
                bssCOMMON                            7B       7B        3       70       1
                stringtext                          200      200       A8        4       0

TOTAL           Name                               Link     Load   Length     Space
        CLASS   STACK          

        CLASS   CONST          
                swtext3                             10F      10F        5         0
                swtext2                             114      114        4         0
                swtext1                             10A      10A        5         0

        CLASS   CODE           
                end_init                             27       27        1         0
                cinit                                28       28        C         0
                intentry                              4        4       23         0
                reset_vec                             0        0        1         0
                text23                              47C      47C        2         0
                text22                              3EE      3EE       15         0
                text21                              3C3      3C3       16         0
                text20                              47E      47E        1         0
                text19                              403      403       13         0
                text17                              3D9      3D9       15         0
                text16                              2A8      2A8       5E         0
                text15                              456      456        B         0
                text14                              37E      37E       18         0
                text13                              475      475        4         0
                text12                              461      461        8         0
                text11                              439      439       10         0
                text10                              479      479        3         0
                text9                               428      428       11         0
                text8                               46F      46F        6         0
                text7                               3AD      3AD       16         0
                text6                               416      416       12         0
                text5                               362      362       1C         0
                text4                               396      396       17         0
                text3                               342      342       20         0
                text2                               306      306       3C         0
                text1                                34       34       D6         0
                maintext                            449      449        D         0
                clrtext                             469      469        6         0

        CLASS   STRCODE        
                stringtext                          200      200       A8         0

        CLASS   ENTRY          

        CLASS   STRING         

        CLASS   COMMON         
                cstackCOMMON                         70       70        B         1
                bssCOMMON                            7B       7B        3         1

        CLASS   BANK0          
                bssBANK0                             20       20       39         1

        CLASS   BANK1          

        CLASS   BIGRAM         

        CLASS   RAM            

        CLASS   ABS1           
                abs_s1                               7E       7E        2         1

        CLASS   SFR0           

        CLASS   SFR1           

        CLASS   SFR2           

        CLASS   SFR3           

        CLASS   SFR4           

        CLASS   SFR5           

        CLASS   SFR6           

        CLASS   SFR7           

        CLASS   SFR8           

        CLASS   SFR9           

        CLASS   SFR10          

        CLASS   SFR11          

        CLASS   SFR12          

        CLASS   SFR13          

        CLASS   SFR14          

        CLASS   SFR15          

        CLASS   SFR16          

        CLASS   SFR17          

        CLASS   SFR18          

        CLASS   SFR19          

        CLASS   SFR20          

        CLASS   SFR21          

        CLASS   SFR22          

        CLASS   SFR23          

        CLASS   SFR24          

        CLASS   SFR25          

        CLASS   SFR26          

        CLASS   SFR27          

        CLASS   SFR28          

        CLASS   SFR29          

        CLASS   SFR30          

        CLASS   SFR31          

        CLASS   CONFIG         
                config                             8007     8007        2         0

        CLASS   IDLOC          

        CLASS   EEDATA         

        CLASS   BANK31         

        CLASS   BANK30         

        CLASS   BANK29         

        CLASS   BANK28         

        CLASS   BANK27         

        CLASS   BANK26         

        CLASS   BANK25         

        CLASS   BANK24         

        CLASS   BANK23         

        CLASS   BANK22         

        CLASS   BANK21         

        CLASS   BANK20         

        CLASS   BANK19         

        CLASS   BANK18         

        CLASS   BANK17         

        CLASS   BANK16         

        CLASS   BANK15         

        CLASS   BANK14         

        CLASS   BANK13         

        CLASS   BANK12         

        CLASS   BANK11         

        CLASS   BANK10         

        CLASS   BANK9          

        CLASS   BANK8          

        CLASS   BANK7          

        CLASS   BANK6          

        CLASS   BANK5          

        CLASS   BANK4          

        CLASS   BANK3          

        CLASS   BANK2          



SEGMENTS        Name                           Load    Length   Top    Selector   Space  Class     Delta

                reset_vec                      000000  000001  000001         0       0  CODE        2
                intentry                       000004  000106  00010A         8       0  CODE        2
                bssBANK0                       000020  000039  000059        20       1  BANK0       1
                cstackCOMMON                   000070  00000E  00007E        70       1  COMMON      1
                swtext1                        00010A  00000E  000118       214       0  CONST       2
                stringtext                     000200  0000A8  0002A8         4       0  STRCODE     2
                text16                         0002A8  0001D7  00047F       550       0  CODE        2
                config                         008007  000002  008009     1000E       0  CONFIG      2


UNUSED ADDRESS RANGES

        Name                Unused          Largest block    Delta
        BANK0            00059-0006F              17           1
        BANK1            000A0-000BF              20           1
        BIGRAM           02000-0206F              70           1
        CODE             00001-00003               3           2
                         00118-001FF              E8
                         0047F-007FF             381
        CONST            00001-00003               3           2
                         00118-001FF              E8
                         0047F-007FF             100
        EEDATA           0F000-0F0FF             100           2
        ENTRY            00001-00003               3           2
                         00118-001FF              E8
                         0047F-007FF             100
        IDLOC            08000-08003               4           2
        RAM              00059-0006F              17           1
                         000A0-000BF              20
        SFR0             00000-0001F              20           1
        SFR1             00080-0009F              20           1
        SFR10            00500-0056F              70           1
        SFR11            00580-005EF              70           1
        SFR12            00600-0066F              70           1
        SFR13            00680-006EF              70           1
        SFR14            00700-0076F              70           1
        SFR15            00780-007EF              70           1
        SFR16            00800-0086F              70           1
        SFR17            00880-008EF              70           1
        SFR18            00900-0096F              70           1
        SFR19            00980-009EF              70           1
        SFR2             00100-0016F              70           1
        SFR20            00A00-00A6F              70           1
        SFR21            00A80-00AEF              70           1
        SFR22            00B00-00B6F              70           1
        SFR23            00B80-00BEF              70           1
        SFR24            00C00-00C6F              70           1
        SFR25            00C80-00CEF              70           1
        SFR26            00D00-00D6F              70           1
        SFR27            00D80-00DEF              70           1
        SFR28            00E00-00E6F              70           1
        SFR29            00E80-00EEF              70           1
        SFR3             00180-001EF              70           1
        SFR30            00F00-00F6F              70           1
        SFR31            00F80-00FEF              70           1
        SFR4             00200-0026F              70           1
        SFR5             00280-002EF              70           1
        SFR6             00300-0036F              70           1
        SFR7             00380-003EF              70           1
        SFR8             00400-0046F              70           1
        SFR9             00480-004EF              70           1
        STACK            02039-0206F              37           1
        STRCODE          00001-00003               3           2
                         00118-001FF              E8
                         0047F-007FF             381
        STRING           00001-00003               3           2
                         00118-001FF              E8
                         0047F-007FF             100

                                  Symbol Table

?_strcmp                             cstackCOMMON 00070
?_strlen                             cstackCOMMON 00070
EUSART_Read@readValue                cstackCOMMON 00070
EUSART_Write@txData                  cstackCOMMON 00070
LED_Task@i                           cstackCOMMON 00072
LED_Task@i_689                       cstackCOMMON 00074
LED_Task@i_690                       cstackCOMMON 00076
LED_Task@ledOFF                      bssBANK0     00042
TMR1_ISR@CountCallBack               bssBANK0     0003E
UART_Task@UART_ReceiveState          bssBANK0     00043
UART_Task@receiveCounter             bssBANK0     00044
UART_Task@receiveData                cstackCOMMON 00079
_ANSELA                              (abs)        0018C
_APFCON                              (abs)        0011D
_BAUDCON                             (abs)        0019F
_CM1CON0                             (abs)        00111
_CM1CON1                             (abs)        00112
_CMD_GET_STATE                       stringtext   0021F
_CMD_SET_COLOR                       stringtext   00248
_CMD_SET_OFF                         stringtext   0023B
_CMD_SET_PARTY                       stringtext   00210
_CMD_SET_STARRY                      stringtext   00200
_CMD_SET_XMAS                        stringtext   0022D
_CMP1_ISR                            text23       0047C
_CMP1_Initialize                     text15       00456
_EUSART_Initialize                   text14       0037E
_EUSART_Read                         text7        003AD
_EUSART_Receive_ISR                  text22       003EE
_EUSART_Transmit_ISR                 text21       003C3
_EUSART_Write                        text5        00362
_FVRCON                              (abs)        00117
_FVR_Initialize                      text13       00475
_GIE                                 (abs)        0005F
_INTCONbits                          (abs)        0000B
_INTERRUPT_InterruptManager          intentry     00004
_LATA                                (abs)        0010C
_LATA2                               (abs)        00862
_LED_Task                            text16       002A8
_LED_color                           bssBANK0     00038
_LED_currentColor                    bssBANK0     0003B
_LED_mode                            bssCOMMON    0007B
_OPTION_REGbits                      (abs)        00095
_OSCCON                              (abs)        00099
_OSCILLATOR_Initialize               text12       00461
_OSCSTAT                             (abs)        0009A
_OSCTUNE                             (abs)        00098
_PIE1bits                            (abs)        00091
_PIE2bits                            (abs)        00092
_PIN_MANAGER_Initialize              text11       00439
_PIR1bits                            (abs)        00011
_PIR2bits                            (abs)        00012
_PLLR                                (abs)        004D6
_RCREG                               (abs)        00199
_RCSTA                               (abs)        0019D
_RCSTAbits                           (abs)        0019D
_SPBRGH                              (abs)        0019C
_SPBRGL                              (abs)        0019B
_SYSTEM_Initialize                   text8        0046F
_T1CON                               (abs)        00018
_T1CONbits                           (abs)        00018
_T1GCON                              (abs)        00019
_TMR1H                               (abs)        00017
_TMR1L                               (abs)        00016
_TMR1_CallBack                       text20       0047E
_TMR1_ISR                            text19       00403
_TMR1_Initialize                     text9        00428
_TMR1_StartTimer                     text10       00479
_TRISA                               (abs)        0008C
_TXREG                               (abs)        0019A
_TXSTA                               (abs)        0019E
_UART_Task                           text1        00034
_WPUA                                (abs)        0020C
__CFG_BOREN$ON                       (abs)        00000
__CFG_BORV$LO                        (abs)        00000
__CFG_CLKOUTEN$OFF                   (abs)        00000
__CFG_CP$OFF                         (abs)        00000
__CFG_CPD$OFF                        (abs)        00000
__CFG_FCMEN$ON                       (abs)        00000
__CFG_FOSC$INTOSC                    (abs)        00000
__CFG_IESO$ON                        (abs)        00000
__CFG_LVP$OFF                        (abs)        00000
__CFG_MCLRE$OFF                      (abs)        00000
__CFG_PLLEN$ON                       (abs)        00000
__CFG_PWRTE$OFF                      (abs)        00000
__CFG_STVREN$ON                      (abs)        00000
__CFG_WDTE$OFF                       (abs)        00000
__CFG_WRT$OFF                        (abs)        00000
__Habs1                              abs1         00000
__Hbank0                             bank0        00000
__Hbank1                             bank1        00000
__Hbank10                            bank10       00000
__Hbank11                            bank11       00000
__Hbank12                            bank12       00000
__Hbank13                            bank13       00000
__Hbank14                            bank14       00000
__Hbank15                            bank15       00000
__Hbank16                            bank16       00000
__Hbank17                            bank17       00000
__Hbank18                            bank18       00000
__Hbank19                            bank19       00000
__Hbank2                             bank2        00000
__Hbank20                            bank20       00000
__Hbank21                            bank21       00000
__Hbank22                            bank22       00000
__Hbank23                            bank23       00000
__Hbank24                            bank24       00000
__Hbank25                            bank25       00000
__Hbank26                            bank26       00000
__Hbank27                            bank27       00000
__Hbank28                            bank28       00000
__Hbank29                            bank29       00000
__Hbank3                             bank3        00000
__Hbank30                            bank30       00000
__Hbank31                            bank31       00000
__Hbank4                             bank4        00000
__Hbank5                             bank5        00000
__Hbank6                             bank6        00000
__Hbank7                             bank7        00000
__Hbank8                             bank8        00000
__Hbank9                             bank9        00000
__Hbigram                            bigram       00000
__HbssBANK0                          bssBANK0     00000
__HbssCOMMON                         bssCOMMON    00000
__Hcinit                             cinit        00034
__Hclrtext                           clrtext      00000
__Hcode                              code         00000
__Hcommon                            common       00000
__Hconfig                            config       08009
__HcstackCOMMON                      cstackCOMMON 00000
__Heeprom_data                       eeprom_data  00000
__Hend_init                          end_init     00028
__Hfunctab                           functab      00000
__Hidloc                             idloc        00000
__Hinit                              init         00027
__Hintentry                          intentry     00027
__Hmaintext                          maintext     00000
__Hpa_nodes                          pa_nodes     00000
__Hpowerup                           powerup      00000
__Hram                               ram          00000
__Hreset_vec                         reset_vec    00001
__Hsfr0                              sfr0         00000
__Hsfr1                              sfr1         00000
__Hsfr10                             sfr10        00000
__Hsfr11                             sfr11        00000
__Hsfr12                             sfr12        00000
__Hsfr13                             sfr13        00000
__Hsfr14                             sfr14        00000
__Hsfr15                             sfr15        00000
__Hsfr16                             sfr16        00000
__Hsfr17                             sfr17        00000
__Hsfr18                             sfr18        00000
__Hsfr19                             sfr19        00000
__Hsfr2                              sfr2         00000
__Hsfr20                             sfr20        00000
__Hsfr21                             sfr21        00000
__Hsfr22                             sfr22        00000
__Hsfr23                             sfr23        00000
__Hsfr24                             sfr24        00000
__Hsfr25                             sfr25        00000
__Hsfr26                             sfr26        00000
__Hsfr27                             sfr27        00000
__Hsfr28                             sfr28        00000
__Hsfr29                             sfr29        00000
__Hsfr3                              sfr3         00000
__Hsfr30                             sfr30        00000
__Hsfr31                             sfr31        00000
__Hsfr4                              sfr4         00000
__Hsfr5                              sfr5         00000
__Hsfr6                              sfr6         00000
__Hsfr7                              sfr7         00000
__Hsfr8                              sfr8         00000
__Hsfr9                              sfr9         00000
__Hspace_0                           (abs)        08009
__Hspace_1                           (abs)        0007E
__Hspace_2                           (abs)        00000
__Hspace_3                           (abs)        00000
__Hstack                             stack        00000
__Hstrings                           strings      00000
__Hstringtext                        stringtext   00000
__Htext                              text         00000
__Labs1                              abs1         00000
__Lbank0                             bank0        00000
__Lbank1                             bank1        00000
__Lbank10                            bank10       00000
__Lbank11                            bank11       00000
__Lbank12                            bank12       00000
__Lbank13                            bank13       00000
__Lbank14                            bank14       00000
__Lbank15                            bank15       00000
__Lbank16                            bank16       00000
__Lbank17                            bank17       00000
__Lbank18                            bank18       00000
__Lbank19                            bank19       00000
__Lbank2                             bank2        00000
__Lbank20                            bank20       00000
__Lbank21                            bank21       00000
__Lbank22                            bank22       00000
__Lbank23                            bank23       00000
__Lbank24                            bank24       00000
__Lbank25                            bank25       00000
__Lbank26                            bank26       00000
__Lbank27                            bank27       00000
__Lbank28                            bank28       00000
__Lbank29                            bank29       00000
__Lbank3                             bank3        00000
__Lbank30                            bank30       00000
__Lbank31                            bank31       00000
__Lbank4                             bank4        00000
__Lbank5                             bank5        00000
__Lbank6                             bank6        00000
__Lbank7                             bank7        00000
__Lbank8                             bank8        00000
__Lbank9                             bank9        00000
__Lbigram                            bigram       00000
__LbssBANK0                          bssBANK0     00000
__LbssCOMMON                         bssCOMMON    00000
__Lcinit                             cinit        00028
__Lclrtext                           clrtext      00000
__Lcode                              code         00000
__Lcommon                            common       00000
__Lconfig                            config       08007
__LcstackCOMMON                      cstackCOMMON 00000
__Leeprom_data                       eeprom_data  00000
__Lend_init                          end_init     00027
__Lfunctab                           functab      00000
__Lidloc                             idloc        00000
__Linit                              init         00027
__Lintentry                          intentry     00004
__Lmaintext                          maintext     00000
__Lpa_nodes                          pa_nodes     00000
__Lpowerup                           powerup      00000
__Lram                               ram          00000
__Lreset_vec                         reset_vec    00000
__Lsfr0                              sfr0         00000
__Lsfr1                              sfr1         00000
__Lsfr10                             sfr10        00000
__Lsfr11                             sfr11        00000
__Lsfr12                             sfr12        00000
__Lsfr13                             sfr13        00000
__Lsfr14                             sfr14        00000
__Lsfr15                             sfr15        00000
__Lsfr16                             sfr16        00000
__Lsfr17                             sfr17        00000
__Lsfr18                             sfr18        00000
__Lsfr19                             sfr19        00000
__Lsfr2                              sfr2         00000
__Lsfr20                             sfr20        00000
__Lsfr21                             sfr21        00000
__Lsfr22                             sfr22        00000
__Lsfr23                             sfr23        00000
__Lsfr24                             sfr24        00000
__Lsfr25                             sfr25        00000
__Lsfr26                             sfr26        00000
__Lsfr27                             sfr27        00000
__Lsfr28                             sfr28        00000
__Lsfr29                             sfr29        00000
__Lsfr3                              sfr3         00000
__Lsfr30                             sfr30        00000
__Lsfr31                             sfr31        00000
__Lsfr4                              sfr4         00000
__Lsfr5                              sfr5         00000
__Lsfr6                              sfr6         00000
__Lsfr7                              sfr7         00000
__Lsfr8                              sfr8         00000
__Lsfr9                              sfr9         00000
__Lspace_0                           (abs)        00000
__Lspace_1                           (abs)        00000
__Lspace_2                           (abs)        00000
__Lspace_3                           (abs)        00000
__Lstack                             stack        00000
__Lstrings                           strings      00000
__Lstringtext                        stringtext   00000
__Ltext                              text         00000
__S0                                 (abs)        08009
__S1                                 (abs)        0007E
__S2                                 (abs)        00000
__S3                                 (abs)        00000
___int_sp                            stack        00000
___latbits                           (abs)        00000
___sp                                stack        00000
__end_of_CMD_GET_STATE               stringtext   0022D
__end_of_CMD_SET_COLOR               stringtext   00251
__end_of_CMD_SET_OFF                 stringtext   00248
__end_of_CMD_SET_PARTY               stringtext   0021F
__end_of_CMD_SET_STARRY              stringtext   00210
__end_of_CMD_SET_XMAS                stringtext   0023B
__end_of_CMP1_ISR                    text23       0047E
__end_of_CMP1_Initialize             text15       00461
__end_of_EUSART_Initialize           text14       00396
__end_of_EUSART_Read                 text7        003C3
__end_of_EUSART_Receive_ISR          text22       00403
__end_of_EUSART_Transmit_ISR         text21       003D9
__end_of_EUSART_Write                text5        0037E
__end_of_FVR_Initialize              text13       00479
__end_of_INTERRUPT_InterruptManager  intentry     00027
__end_of_LED_Task                    text16       00306
__end_of_OSCILLATOR_Initialize       text12       00469
__end_of_PIN_MANAGER_Initialize      text11       00449
__end_of_SYSTEM_Initialize           text8        00475
__end_of_TMR1_CallBack               text20       0047F
__end_of_TMR1_ISR                    text19       00416
__end_of_TMR1_Initialize             text9        00439
__end_of_TMR1_StartTimer             text10       0047C
__end_of_UART_Task                   text1        0010A
__end_of__initialization             cinit        00031
__end_of__stringdata                 stringtext   002A8
__end_of_ledSendByte                 text17       003EE
__end_of_main                        maintext     00456
__end_of_memset                      text6        00428
__end_of_outputString                text3        00362
__end_of_strcmp                      text2        00342
__end_of_strlen                      text4        003AD
__initialization                     cinit        00028
__pbssBANK0                          bssBANK0     00020
__pbssCOMMON                         bssCOMMON    0007B
__pcstackCOMMON                      cstackCOMMON 00070
__pintentry                          intentry     00004
__pmaintext                          maintext     00449
__pstringtext                        stringtext   00200
__pswtext1                           swtext1      0010A
__pswtext2                           swtext2      00114
__pswtext3                           swtext3      0010F
__ptext1                             text1        00034
__ptext10                            text10       00479
__ptext11                            text11       00439
__ptext12                            text12       00461
__ptext13                            text13       00475
__ptext14                            text14       0037E
__ptext15                            text15       00456
__ptext16                            text16       002A8
__ptext17                            text17       003D9
__ptext19                            text19       00403
__ptext2                             text2        00306
__ptext20                            text20       0047E
__ptext21                            text21       003C3
__ptext22                            text22       003EE
__ptext23                            text23       0047C
__ptext3                             text3        00342
__ptext4                             text4        00396
__ptext5                             text5        00362
__ptext6                             text6        00416
__ptext7                             text7        003AD
__ptext8                             text8        0046F
__ptext9                             text9        00428
__size_of_CMP1_ISR                   (abs)        00000
__size_of_CMP1_Initialize            (abs)        00000
__size_of_EUSART_Initialize          (abs)        00000
__size_of_EUSART_Read                (abs)        00000
__size_of_EUSART_Receive_ISR         (abs)        00000
__size_of_EUSART_Transmit_ISR        (abs)        00000
__size_of_EUSART_Write               (abs)        00000
__size_of_FVR_Initialize             (abs)        00000
__size_of_INTERRUPT_InterruptManager (abs)        00000
__size_of_LED_Task                   (abs)        00000
__size_of_OSCILLATOR_Initialize      (abs)        00000
__size_of_PIN_MANAGER_Initialize     (abs)        00000
__size_of_SYSTEM_Initialize          (abs)        00000
__size_of_TMR1_CallBack              (abs)        00000
__size_of_TMR1_ISR                   (abs)        00000
__size_of_TMR1_Initialize            (abs)        00000
__size_of_TMR1_StartTimer            (abs)        00000
__size_of_UART_Task                  (abs)        00000
__size_of_ledSendByte                (abs)        00000
__size_of_main                       (abs)        00000
__size_of_memset                     (abs)        00000
__size_of_outputString               (abs)        00000
__size_of_strcmp                     (abs)        00000
__size_of_strlen                     (abs)        00000
__stringdata                         stringtext   00251
_eusartRxBuffer                      bssBANK0     00020
_eusartRxCount                       bssCOMMON    0007C
_eusartRxHead                        bssBANK0     00045
_eusartRxTail                        bssBANK0     00046
_eusartTxBuffer                      bssBANK0     00030
_eusartTxBufferRemaining             bssCOMMON    0007D
_eusartTxHead                        bssBANK0     00047
_eusartTxTail                        bssBANK0     00048
_inputCommand                        bssBANK0     00049
_ledSendByte                         text17       003D9
_main                                maintext     00449
_memset                              text6        00416
_outputString                        text3        00342
_strcmp                              text2        00306
_strlen                              text4        00396
_timer1ReloadVal                     bssBANK0     00040
btemp                                (abs)        0007E
clear_ram0                           clrtext      00469
end_of_initialization                cinit        00031
intlevel0                            functab      00000
intlevel1                            functab      00000
intlevel2                            functab      00000
intlevel3                            functab      00000
intlevel4                            functab      00000
intlevel5                            functab      00000
ledSendByte@data                     cstackCOMMON 00070
ledSendByte@i                        cstackCOMMON 00071
ltemp                                (abs)        0007E
ltemp0                               (abs)        0007E
ltemp1                               (abs)        00082
ltemp2                               (abs)        00086
ltemp3                               (abs)        00080
memset@c                             cstackCOMMON 00070
memset@n                             cstackCOMMON 00072
memset@p                             cstackCOMMON 00075
memset@p1                            cstackCOMMON 00074
outputString@i                       cstackCOMMON 00078
outputString@string                  cstackCOMMON 00074
pic14e$flags                         (abs)        0007E
reset_vec                            reset_vec    00000
stackhi                              (abs)        0206F
stacklo                              (abs)        02039
start                                init         00027
start_initialization                 cinit        00028
strcmp@s1                            cstackCOMMON 00070
strcmp@s2                            cstackCOMMON 00072
strcmp@t0                            cstackCOMMON 00073
strcmp@t1                            cstackCOMMON 00075
strcmp@t2                            cstackCOMMON 00074
strlen@cp                            cstackCOMMON 00072
strlen@s                             cstackCOMMON 00070
ttemp                                (abs)        0007E
ttemp0                               (abs)        0007E
ttemp1                               (abs)        00081
ttemp2                               (abs)        00084
ttemp3                               (abs)        00087
ttemp4                               (abs)        0007F
wtemp                                (abs)        0007E
wtemp0                               (abs)        0007E
wtemp1                               (abs)        00080
wtemp2                               (abs)        00082
wtemp3                               (abs)        00084
wtemp4                               (abs)        00086
wtemp5                               (abs)        00088
wtemp6                               (abs)        0007F


FUNCTION INFORMATION:

 *************** function _main *****************
 Defined at:
		line 54 in file "../src/main.c"
 Parameters:    Size  Location     Type
		None
 Auto vars:     Size  Location     Type
		None
 Return value:  Size  Location     Type
		None               void
 Registers used:
		wreg, fsr0l, fsr0h, fsr1l, fsr1h, status,2, status,0, pclath, cstack
 Tracked objects:
		On entry : 
		On exit  : 
		Unchanged: 
 Data sizes:     COMMON   BANK0   BANK1
      Params:         0       0       0
      Locals:         0       0       0
      Temps:          1       0       0
      Totals:         1       0       0
Total ram usage:        1 bytes
 Hardware stack levels required when called:    6
 This function calls:
		_LED_Task
		_SYSTEM_Initialize
		_UART_Task
 This function is called by:
		Startup code after reset
 This function uses a non-reentrant model


 *************** function _UART_Task *****************
 Defined at:
		line 235 in file "../src/mcc_generated_files/eusart.c"
 Parameters:    Size  Location     Type
		None
 Auto vars:     Size  Location     Type
  receiveData     1    9[COMMON] unsigned char 
 Return value:  Size  Location     Type
		None               void
 Registers used:
		wreg, fsr0l, fsr0h, fsr1l, fsr1h, status,2, status,0, pclath, cstack
 Tracked objects:
		On entry : 
		On exit  : 
		Unchanged: 
 Data sizes:     COMMON   BANK0   BANK1
      Params:         0       0       0
      Locals:         1       0       0
      Temps:          0       0       0
      Totals:         1       0       0
Total ram usage:        1 bytes
 Hardware stack levels used:    1
 Hardware stack levels required when called:    5
 This function calls:
		_EUSART_Read
		_EUSART_Write
		_memset
		_outputString
		_strcmp
 This function is called by:
		_main
 This function uses a non-reentrant model


 *************** function _strcmp *****************
 Defined at:
		line 5 in file "/Applications/microchip/xc8/v1.33/sources/common/strcmp.c"
 Parameters:    Size  Location     Type
  s1              2    0[COMMON] PTR const unsigned char 
		 -> CMD_SET_PARTY(15), CMD_SET_XMAS(14), CMD_SET_STARRY(16), CMD_SET_COLOR(9), 
		 -> CMD_SET_OFF(13), CMD_GET_STATE(14), 
  s2              1    2[COMMON] PTR const unsigned char 
		 -> inputCommand(16), 
 Auto vars:     Size  Location     Type
  t1              1    5[COMMON] unsigned char 
  t2              1    4[COMMON] unsigned char 
  t0              1    3[COMMON] unsigned char 
 Return value:  Size  Location     Type
                  2    0[COMMON] int 
 Registers used:
		wreg, fsr0l, fsr0h, fsr1l, fsr1h, status,2, status,0, pclath
 Tracked objects:
		On entry : 
		On exit  : 
		Unchanged: 
 Data sizes:     COMMON   BANK0   BANK1
      Params:         3       0       0
      Locals:         3       0       0
      Temps:          0       0       0
      Totals:         6       0       0
Total ram usage:        6 bytes
 Hardware stack levels used:    1
 Hardware stack levels required when called:    3
 This function calls:
		Nothing
 This function is called by:
		_UART_Task
 This function uses a non-reentrant model


 *************** function _outputString *****************
 Defined at:
		line 228 in file "../src/mcc_generated_files/eusart.c"
 Parameters:    Size  Location     Type
  string          2    4[COMMON] PTR const unsigned char 
		 -> STR_14(19), STR_13(19), STR_12(8), STR_11(8), 
		 -> STR_10(8), STR_9(8), STR_8(8), STR_7(19), 
		 -> STR_6(8), STR_5(8), STR_4(7), STR_3(9), 
		 -> STR_2(15), STR_1(13), 
 Auto vars:     Size  Location     Type
  i               1    8[COMMON] unsigned char 
 Return value:  Size  Location     Type
		None               void
 Registers used:
		wreg, fsr0l, fsr0h, fsr1l, fsr1h, status,2, status,0, pclath, cstack
 Tracked objects:
		On entry : 
		On exit  : 
		Unchanged: 
 Data sizes:     COMMON   BANK0   BANK1
      Params:         2       0       0
      Locals:         1       0       0
      Temps:          2       0       0
      Totals:         5       0       0
Total ram usage:        5 bytes
 Hardware stack levels used:    1
 Hardware stack levels required when called:    4
 This function calls:
		_EUSART_Write
		_strlen
 This function is called by:
		_UART_Task
 This function uses a non-reentrant model


 *************** function _strlen *****************
 Defined at:
		line 4 in file "/Applications/microchip/xc8/v1.33/sources/common/strlen.c"
 Parameters:    Size  Location     Type
  s               2    0[COMMON] PTR const unsigned char 
		 -> STR_14(19), STR_13(19), STR_12(8), STR_11(8), 
		 -> STR_10(8), STR_9(8), STR_8(8), STR_7(19), 
		 -> STR_6(8), STR_5(8), STR_4(7), STR_3(9), 
		 -> STR_2(15), STR_1(13), 
 Auto vars:     Size  Location     Type
  cp              2    2[COMMON] PTR const unsigned char 
		 -> STR_14(19), STR_13(19), STR_12(8), STR_11(8), 
		 -> STR_10(8), STR_9(8), STR_8(8), STR_7(19), 
		 -> STR_6(8), STR_5(8), STR_4(7), STR_3(9), 
		 -> STR_2(15), STR_1(13), 
 Return value:  Size  Location     Type
                  2    0[COMMON] unsigned int 
 Registers used:
		wreg, fsr0l, fsr0h, status,2, status,0, pclath
 Tracked objects:
		On entry : 
		On exit  : 
		Unchanged: 
 Data sizes:     COMMON   BANK0   BANK1
      Params:         2       0       0
      Locals:         2       0       0
      Temps:          0       0       0
      Totals:         4       0       0
Total ram usage:        4 bytes
 Hardware stack levels used:    1
 Hardware stack levels required when called:    3
 This function calls:
		Nothing
 This function is called by:
		_outputString
 This function uses a non-reentrant model


 *************** function _EUSART_Write *****************
 Defined at:
		line 157 in file "../src/mcc_generated_files/eusart.c"
 Parameters:    Size  Location     Type
  txData          1    wreg     unsigned char 
 Auto vars:     Size  Location     Type
  txData          1    0[COMMON] unsigned char 
 Return value:  Size  Location     Type
		None               void
 Registers used:
		wreg, fsr1l, fsr1h, status,2, status,0
 Tracked objects:
		On entry : 
		On exit  : 
		Unchanged: 
 Data sizes:     COMMON   BANK0   BANK1
      Params:         0       0       0
      Locals:         1       0       0
      Temps:          0       0       0
      Totals:         1       0       0
Total ram usage:        1 bytes
 Hardware stack levels used:    1
 Hardware stack levels required when called:    3
 This function calls:
		Nothing
 This function is called by:
		_outputString
		_UART_Task
 This function uses a non-reentrant model


 *************** function _memset *****************
 Defined at:
		line 8 in file "/Applications/microchip/xc8/v1.33/sources/common/memset.c"
 Parameters:    Size  Location     Type
  p1              1    wreg     PTR void 
		 -> inputCommand(16), 
  c               2    0[COMMON] int 
  n               2    2[COMMON] unsigned int 
 Auto vars:     Size  Location     Type
  p1              1    4[COMMON] PTR void 
		 -> inputCommand(16), 
  p               1    5[COMMON] PTR unsigned char 
		 -> inputCommand(16), 
 Return value:  Size  Location     Type
                  1    wreg      PTR void 
 Registers used:
		wreg, fsr1l, fsr1h, status,2, status,0
 Tracked objects:
		On entry : 
		On exit  : 
		Unchanged: 
 Data sizes:     COMMON   BANK0   BANK1
      Params:         4       0       0
      Locals:         2       0       0
      Temps:          0       0       0
      Totals:         6       0       0
Total ram usage:        6 bytes
 Hardware stack levels used:    1
 Hardware stack levels required when called:    3
 This function calls:
		Nothing
 This function is called by:
		_UART_Task
 This function uses a non-reentrant model


 *************** function _EUSART_Read *****************
 Defined at:
		line 136 in file "../src/mcc_generated_files/eusart.c"
 Parameters:    Size  Location     Type
		None
 Auto vars:     Size  Location     Type
  readValue       1    0[COMMON] unsigned char 
 Return value:  Size  Location     Type
                  1    wreg      unsigned char 
 Registers used:
		wreg, fsr1l, fsr1h, status,2, status,0
 Tracked objects:
		On entry : 
		On exit  : 
		Unchanged: 
 Data sizes:     COMMON   BANK0   BANK1
      Params:         0       0       0
      Locals:         1       0       0
      Temps:          0       0       0
      Totals:         1       0       0
Total ram usage:        1 bytes
 Hardware stack levels used:    1
 Hardware stack levels required when called:    3
 This function calls:
		Nothing
 This function is called by:
		_UART_Task
 This function uses a non-reentrant model


 *************** function _SYSTEM_Initialize *****************
 Defined at:
		line 70 in file "../src/mcc_generated_files/mcc.c"
 Parameters:    Size  Location     Type
		None
 Auto vars:     Size  Location     Type
		None
 Return value:  Size  Location     Type
		None               void
 Registers used:
		wreg, status,2, status,0, pclath, cstack
 Tracked objects:
		On entry : 
		On exit  : 
		Unchanged: 
 Data sizes:     COMMON   BANK0   BANK1
      Params:         0       0       0
      Locals:         0       0       0
      Temps:          0       0       0
      Totals:         0       0       0
Total ram usage:        0 bytes
 Hardware stack levels used:    1
 Hardware stack levels required when called:    5
 This function calls:
		_CMP1_Initialize
		_EUSART_Initialize
		_FVR_Initialize
		_OSCILLATOR_Initialize
		_PIN_MANAGER_Initialize
		_TMR1_Initialize
 This function is called by:
		_main
 This function uses a non-reentrant model


 *************** function _TMR1_Initialize *****************
 Defined at:
		line 63 in file "../src/mcc_generated_files/tmr1.c"
 Parameters:    Size  Location     Type
		None
 Auto vars:     Size  Location     Type
		None
 Return value:  Size  Location     Type
		None               void
 Registers used:
		wreg, status,2, status,0, pclath, cstack
 Tracked objects:
		On entry : 
		On exit  : 
		Unchanged: 
 Data sizes:     COMMON   BANK0   BANK1
      Params:         0       0       0
      Locals:         0       0       0
      Temps:          0       0       0
      Totals:         0       0       0
Total ram usage:        0 bytes
 Hardware stack levels used:    1
 Hardware stack levels required when called:    4
 This function calls:
		_TMR1_StartTimer
 This function is called by:
		_SYSTEM_Initialize
 This function uses a non-reentrant model


 *************** function _TMR1_StartTimer *****************
 Defined at:
		line 92 in file "../src/mcc_generated_files/tmr1.c"
 Parameters:    Size  Location     Type
		None
 Auto vars:     Size  Location     Type
		None
 Return value:  Size  Location     Type
		None               void
 Registers used:
		None
 Tracked objects:
		On entry : 
		On exit  : 
		Unchanged: 
 Data sizes:     COMMON   BANK0   BANK1
      Params:         0       0       0
      Locals:         0       0       0
      Temps:          0       0       0
      Totals:         0       0       0
Total ram usage:        0 bytes
 Hardware stack levels used:    1
 Hardware stack levels required when called:    3
 This function calls:
		Nothing
 This function is called by:
		_TMR1_Initialize
 This function uses a non-reentrant model


 *************** function _PIN_MANAGER_Initialize *****************
 Defined at:
		line 50 in file "../src/mcc_generated_files/pin_manager.c"
 Parameters:    Size  Location     Type
		None
 Auto vars:     Size  Location     Type
		None
 Return value:  Size  Location     Type
		None               void
 Registers used:
		wreg, status,2
 Tracked objects:
		On entry : 
		On exit  : 
		Unchanged: 
 Data sizes:     COMMON   BANK0   BANK1
      Params:         0       0       0
      Locals:         0       0       0
      Temps:          0       0       0
      Totals:         0       0       0
Total ram usage:        0 bytes
 Hardware stack levels used:    1
 Hardware stack levels required when called:    3
 This function calls:
		Nothing
 This function is called by:
		_SYSTEM_Initialize
 This function uses a non-reentrant model


 *************** function _OSCILLATOR_Initialize *****************
 Defined at:
		line 80 in file "../src/mcc_generated_files/mcc.c"
 Parameters:    Size  Location     Type
		None
 Auto vars:     Size  Location     Type
		None
 Return value:  Size  Location     Type
		None               void
 Registers used:
		wreg, status,2
 Tracked objects:
		On entry : 
		On exit  : 
		Unchanged: 
 Data sizes:     COMMON   BANK0   BANK1
      Params:         0       0       0
      Locals:         0       0       0
      Temps:          0       0       0
      Totals:         0       0       0
Total ram usage:        0 bytes
 Hardware stack levels used:    1
 Hardware stack levels required when called:    3
 This function calls:
		Nothing
 This function is called by:
		_SYSTEM_Initialize
 This function uses a non-reentrant model


 *************** function _FVR_Initialize *****************
 Defined at:
		line 58 in file "../src/mcc_generated_files/fvr.c"
 Parameters:    Size  Location     Type
		None
 Auto vars:     Size  Location     Type
		None
 Return value:  Size  Location     Type
		None               void
 Registers used:
		wreg
 Tracked objects:
		On entry : 
		On exit  : 
		Unchanged: 
 Data sizes:     COMMON   BANK0   BANK1
      Params:         0       0       0
      Locals:         0       0       0
      Temps:          0       0       0
      Totals:         0       0       0
Total ram usage:        0 bytes
 Hardware stack levels used:    1
 Hardware stack levels required when called:    3
 This function calls:
		Nothing
 This function is called by:
		_SYSTEM_Initialize
 This function uses a non-reentrant model


 *************** function _EUSART_Initialize *****************
 Defined at:
		line 99 in file "../src/mcc_generated_files/eusart.c"
 Parameters:    Size  Location     Type
		None
 Auto vars:     Size  Location     Type
		None
 Return value:  Size  Location     Type
		None               void
 Registers used:
		wreg, status,2
 Tracked objects:
		On entry : 
		On exit  : 
		Unchanged: 
 Data sizes:     COMMON   BANK0   BANK1
      Params:         0       0       0
      Locals:         0       0       0
      Temps:          0       0       0
      Totals:         0       0       0
Total ram usage:        0 bytes
 Hardware stack levels used:    1
 Hardware stack levels required when called:    3
 This function calls:
		Nothing
 This function is called by:
		_SYSTEM_Initialize
 This function uses a non-reentrant model


 *************** function _CMP1_Initialize *****************
 Defined at:
		line 58 in file "../src/mcc_generated_files/cmp1.c"
 Parameters:    Size  Location     Type
		None
 Auto vars:     Size  Location     Type
		None
 Return value:  Size  Location     Type
		None               void
 Registers used:
		wreg
 Tracked objects:
		On entry : 
		On exit  : 
		Unchanged: 
 Data sizes:     COMMON   BANK0   BANK1
      Params:         0       0       0
      Locals:         0       0       0
      Temps:          0       0       0
      Totals:         0       0       0
Total ram usage:        0 bytes
 Hardware stack levels used:    1
 Hardware stack levels required when called:    3
 This function calls:
		Nothing
 This function is called by:
		_SYSTEM_Initialize
 This function uses a non-reentrant model


 *************** function _LED_Task *****************
 Defined at:
		line 10 in file "../src/LED.c"
 Parameters:    Size  Location     Type
		None
 Auto vars:     Size  Location     Type
  i               1    6[COMMON] unsigned char 
  i               2    4[COMMON] unsigned int 
  i               2    2[COMMON] unsigned int 
 Return value:  Size  Location     Type
		None               void
 Registers used:
		wreg, fsr0l, fsr0h, fsr1l, fsr1h, status,2, status,0, pclath, cstack
 Tracked objects:
		On entry : 
		On exit  : 
		Unchanged: 
 Data sizes:     COMMON   BANK0   BANK1
      Params:         0       0       0
      Locals:         5       0       0
      Temps:          0       0       0
      Totals:         5       0       0
Total ram usage:        5 bytes
 Hardware stack levels used:    1
 Hardware stack levels required when called:    4
 This function calls:
		_ledSendByte
 This function is called by:
		_main
 This function uses a non-reentrant model


 *************** function _ledSendByte *****************
 Defined at:
		line 64 in file "../src/LED.c"
 Parameters:    Size  Location     Type
  data            1    wreg     unsigned char 
 Auto vars:     Size  Location     Type
  data            1    0[COMMON] unsigned char 
  i               1    1[COMMON] unsigned char 
 Return value:  Size  Location     Type
		None               void
 Registers used:
		wreg, status,2, status,0
 Tracked objects:
		On entry : 
		On exit  : 
		Unchanged: 
 Data sizes:     COMMON   BANK0   BANK1
      Params:         0       0       0
      Locals:         2       0       0
      Temps:          0       0       0
      Totals:         2       0       0
Total ram usage:        2 bytes
 Hardware stack levels used:    1
 Hardware stack levels required when called:    3
 This function calls:
		Nothing
 This function is called by:
		_LED_Task
 This function uses a non-reentrant model


 *************** function _INTERRUPT_InterruptManager *****************
 Defined at:
		line 52 in file "../src/mcc_generated_files/interrupt_manager.c"
 Parameters:    Size  Location     Type
		None
 Auto vars:     Size  Location     Type
		None
 Return value:  Size  Location     Type
		None               void
 Registers used:
		wreg, fsr1l, fsr1h, status,2, status,0, pclath, cstack
 Tracked objects:
		On entry : 
		On exit  : 
		Unchanged: 
 Data sizes:     COMMON   BANK0   BANK1
      Params:         0       0       0
      Locals:         0       0       0
      Temps:          0       0       0
      Totals:         0       0       0
Total ram usage:        0 bytes
 Hardware stack levels used:    1
 Hardware stack levels required when called:    2
 This function calls:
		_CMP1_ISR
		_EUSART_Receive_ISR
		_EUSART_Transmit_ISR
		_TMR1_ISR
 This function is called by:
		Interrupt level 1
 This function uses a non-reentrant model


 *************** function _TMR1_ISR *****************
 Defined at:
		line 152 in file "../src/mcc_generated_files/tmr1.c"
 Parameters:    Size  Location     Type
		None
 Auto vars:     Size  Location     Type
		None
 Return value:  Size  Location     Type
		None               void
 Registers used:
		wreg, status,2, status,0, pclath, cstack
 Tracked objects:
		On entry : 
		On exit  : 
		Unchanged: 
 Data sizes:     COMMON   BANK0   BANK1
      Params:         0       0       0
      Locals:         0       0       0
      Temps:          0       0       0
      Totals:         0       0       0
Total ram usage:        0 bytes
 Hardware stack levels used:    1
 Hardware stack levels required when called:    1
 This function calls:
		_TMR1_CallBack
 This function is called by:
		_INTERRUPT_InterruptManager
 This function uses a non-reentrant model


 *************** function _TMR1_CallBack *****************
 Defined at:
		line 174 in file "../src/mcc_generated_files/tmr1.c"
 Parameters:    Size  Location     Type
		None
 Auto vars:     Size  Location     Type
		None
 Return value:  Size  Location     Type
		None               void
 Registers used:
		None
 Tracked objects:
		On entry : 
		On exit  : 
		Unchanged: 
 Data sizes:     COMMON   BANK0   BANK1
      Params:         0       0       0
      Locals:         0       0       0
      Temps:          0       0       0
      Totals:         0       0       0
Total ram usage:        0 bytes
 Hardware stack levels used:    1
 This function calls:
		Nothing
 This function is called by:
		_TMR1_ISR
 This function uses a non-reentrant model


 *************** function _EUSART_Transmit_ISR *****************
 Defined at:
		line 190 in file "../src/mcc_generated_files/eusart.c"
 Parameters:    Size  Location     Type
		None
 Auto vars:     Size  Location     Type
		None
 Return value:  Size  Location     Type
		None               void
 Registers used:
		wreg, fsr1l, fsr1h, status,2, status,0
 Tracked objects:
		On entry : 
		On exit  : 
		Unchanged: 
 Data sizes:     COMMON   BANK0   BANK1
      Params:         0       0       0
      Locals:         0       0       0
      Temps:          0       0       0
      Totals:         0       0       0
Total ram usage:        0 bytes
 Hardware stack levels used:    1
 This function calls:
		Nothing
 This function is called by:
		_INTERRUPT_InterruptManager
 This function uses a non-reentrant model


 *************** function _EUSART_Receive_ISR *****************
 Defined at:
		line 209 in file "../src/mcc_generated_files/eusart.c"
 Parameters:    Size  Location     Type
		None
 Auto vars:     Size  Location     Type
		None
 Return value:  Size  Location     Type
		None               void
 Registers used:
		wreg, fsr1l, fsr1h, status,2, status,0
 Tracked objects:
		On entry : 
		On exit  : 
		Unchanged: 
 Data sizes:     COMMON   BANK0   BANK1
      Params:         0       0       0
      Locals:         0       0       0
      Temps:          0       0       0
      Totals:         0       0       0
Total ram usage:        0 bytes
 Hardware stack levels used:    1
 This function calls:
		Nothing
 This function is called by:
		_INTERRUPT_InterruptManager
 This function uses a non-reentrant model


 *************** function _CMP1_ISR *****************
 Defined at:
		line 89 in file "../src/mcc_generated_files/cmp1.c"
 Parameters:    Size  Location     Type
		None
 Auto vars:     Size  Location     Type
		None
 Return value:  Size  Location     Type
		None               void
 Registers used:
		None
 Tracked objects:
		On entry : 
		On exit  : 
		Unchanged: 
 Data sizes:     COMMON   BANK0   BANK1
      Params:         0       0       0
      Locals:         0       0       0
      Temps:          0       0       0
      Totals:         0       0       0
Total ram usage:        0 bytes
 Hardware stack levels used:    1
 This function calls:
		Nothing
 This function is called by:
		_INTERRUPT_InterruptManager
 This function uses a non-reentrant model



MODULE INFORMATION

Module		Function		Class		Link	Load	Size
/Applications/microchip/xc8/v1.33/sources/common/memset.c
		_memset        		CODE           	0416	0000	18

/Applications/microchip/xc8/v1.33/sources/common/memset.c estimated size: 18

../src/mcc_generated_files/pin_manager.c
		_PIN_MANAGER_In		CODE           	0439	0000	16

../src/mcc_generated_files/pin_manager.c estimated size: 16

../src/mcc_generated_files/fvr.c
		_FVR_Initialize		CODE           	0475	0000	4

../src/mcc_generated_files/fvr.c estimated size: 4

../src/mcc_generated_files/eusart.c
		_UART_Task     		CODE           	0034	0000	214
		_EUSART_Read   		CODE           	03AD	0000	22
		_EUSART_Write  		CODE           	0362	0000	28
		_EUSART_Transmi		CODE           	03C3	0000	22
		_EUSART_Initial		CODE           	037E	0000	24
		_outputString  		CODE           	0342	0000	32
		_EUSART_Receive		CODE           	03EE	0000	21

../src/mcc_generated_files/eusart.c estimated size: 363

../src/LED.c
		_LED_Task      		CODE           	02A8	0000	94
		_ledSendByte   		CODE           	03D9	0000	21

../src/LED.c estimated size: 115

shared
		__stringdata   		STRCODE        	0251	0000	87
		_CMD_SET_OFF   		STRCODE        	023B	0000	13
		_CMD_GET_STATE 		STRCODE        	021F	0000	14
		_CMD_SET_XMAS  		STRCODE        	022D	0000	14
		_CMD_SET_COLOR 		STRCODE        	0248	0000	9
		_CMD_SET_PARTY 		STRCODE        	0210	0000	15
		__initializatio		CODE           	0028	0000	9
		_CMD_SET_STARRY		STRCODE        	0200	0000	16

shared estimated size: 177

../src/mcc_generated_files/tmr1.c
		_TMR1_Initializ		CODE           	0428	0000	17
		_TMR1_CallBack 		CODE           	047E	0000	1
		_TMR1_StartTime		CODE           	0479	0000	3
		_TMR1_ISR      		CODE           	0403	0000	19

../src/mcc_generated_files/tmr1.c estimated size: 40

../src/mcc_generated_files/interrupt_manager.c
		_INTERRUPT_Inte		CODE           	0004	0000	35

../src/mcc_generated_files/interrupt_manager.c estimated size: 35

../src/mcc_generated_files/mcc.c
		_OSCILLATOR_Ini		CODE           	0461	0000	8
		_SYSTEM_Initial		CODE           	046F	0000	6

../src/mcc_generated_files/mcc.c estimated size: 14

/Applications/microchip/xc8/v1.33/sources/common/strlen.c
		_strlen        		CODE           	0396	0000	23

/Applications/microchip/xc8/v1.33/sources/common/strlen.c estimated size: 23

/Applications/microchip/xc8/v1.33/sources/common/strcmp.c
		_strcmp        		CODE           	0306	0000	60

/Applications/microchip/xc8/v1.33/sources/common/strcmp.c estimated size: 60

../src/main.c
		_main          		CODE           	0449	0000	13

../src/main.c estimated size: 13

../src/mcc_generated_files/cmp1.c
		_CMP1_ISR      		CODE           	047C	0000	2
		_CMP1_Initializ		CODE           	0456	0000	11

../src/mcc_generated_files/cmp1.c estimated size: 13

